<html>
<body>
<pre>
<h1>礦ision Build Log</h1>
<h2>Tool Versions:</h2>
IDE-Version: μVision V5.14.0.0
Copyright (C) 2015 ARM Ltd and ARM Germany GmbH. All rights reserved.
License Information: mo qiuliang, luzhuhzu, LIC=FQQCX-H5NDX-WIB5K-ZW233-UAXNQ-6VD04
 
Tool Versions:
Toolchain:       MDK-ARM Professional  Version: 5.14.0.0
Toolchain Path:  D:\Keil\ARM\ARMCC\Bin
C Compiler:      Armcc.exe V5.05 update 1 (build 106)
Assembler:       Armasm.exe V5.05 update 1 (build 106)
Linker/Locator:  ArmLink.exe V5.05 update 1 (build 106)
Library Manager: ArmAr.exe V5.05 update 1 (build 106)
Hex Converter:   FromElf.exe V5.05 update 1 (build 106)
CPU DLL:         SARMCM3.DLL V5.14.0.0
Dialog DLL:      DARMSTM.DLL V1.65.0.0
Target DLL:      STLink\ST-LINKIII-KEIL_SWO.dll V2.0.14.0_KEIL
Dialog DLL:      TCM.DLL V1.14.4.0
 
<h2>Project:</h2>
D:\Keil\大彩屏\F系列出厂工程与配套的单片机程序_V1.0\F系列出厂工程与配套的单片机程序_V1.0\F系列单片机例程带RTC_V1.6\F系列带RTC_V1.6\keil5_STM32\STM32\DCDEMO7\RVMDK\DCDEMO7.uvprojx
Project File Date:  04/26/2019

<h2>Output:</h2>
Build target 'DCDEMO'
compiling cmd_queue.c...
..\inc\hmi_driver.h(73): warning:  #1295-D: Deprecated declaration GUI_CleanScreen - give arg types
  void GUI_CleanScreen();
..\inc\hmi_driver.h(270): warning:  #1295-D: Deprecated declaration CalibrateTouchPane - give arg types
  void  CalibrateTouchPane();
..\inc\hmi_driver.h(275): warning:  #1295-D: Deprecated declaration TestTouchPane - give arg types
  void TestTouchPane();
..\inc\hmi_driver.h(624): warning:  #1295-D: Deprecated declaration BatchEnd - give arg types
  void BatchEnd();
..\inc\hmi_driver.h(720): warning:  #1295-D: Deprecated declaration FlashEndSaveControl - give arg types
  void FlashEndSaveControl();
..\inc\cmd_queue.h(36): warning:  #1-D: last line of file ends without a newline
  #endif
..\src\cmd_queue.c(118): warning:  #1-D: last line of file ends without a newline
  }
..\src\cmd_queue.c: 7 warnings, 0 errors
linking...
Program Size: Code=7464 RO-data=1068 RW-data=68 ZI-data=1604  
FromELF: creating hex file...
".\Obj\HMI_M3DEMO.axf" - 0 Error(s), 7 Warning(s).

<h2>Collection of Component include folders:</h2>
  D:\Keil\大彩屏\F系列出厂工程与配套的单片机程序_V1.0\F系列出厂工程与配套的单片机程序_V1.0\F系列单片机例程带RTC_V1.6\F系列带RTC_V1.6\keil5_STM32\STM32\DCDEMO7\RVMDK\RTE
  D:\Keil\ARM\PACK\Keil\STM32F1xx_DFP\2.3.0

<h2>Collection of Component Files used:</h2>
</pre>
</body>
</html>
