Component: ARM Compiler 5.05 update 1 (build 106) Tool: armlink [4d0efa]

==============================================================================

Section Cross References

    hw_config.o(i.Interrupts_Config) refers to misc.o(i.NVIC_PriorityGroupConfig) for NVIC_PriorityGroupConfig
    hw_config.o(i.Interrupts_Config) refers to misc.o(i.NVIC_Init) for NVIC_Init
    hw_config.o(i.Set_System) refers to stm32f10x_rcc.o(i.RCC_DeInit) for RCC_DeInit
    hw_config.o(i.Set_System) refers to stm32f10x_rcc.o(i.RCC_HSICmd) for RCC_HSICmd
    hw_config.o(i.Set_System) refers to stm32f10x_rcc.o(i.RCC_GetFlagStatus) for RCC_GetFlagStatus
    hw_config.o(i.Set_System) refers to stm32f10x_flash.o(i.FLASH_PrefetchBufferCmd) for FLASH_PrefetchBufferCmd
    hw_config.o(i.Set_System) refers to stm32f10x_flash.o(i.FLASH_SetLatency) for FLASH_SetLatency
    hw_config.o(i.Set_System) refers to stm32f10x_rcc.o(i.RCC_HCLKConfig) for RCC_HCLKConfig
    hw_config.o(i.Set_System) refers to stm32f10x_rcc.o(i.RCC_PCLK2Config) for RCC_PCLK2Config
    hw_config.o(i.Set_System) refers to stm32f10x_rcc.o(i.RCC_PCLK1Config) for RCC_PCLK1Config
    hw_config.o(i.Set_System) refers to stm32f10x_rcc.o(i.RCC_PLLConfig) for RCC_PLLConfig
    hw_config.o(i.Set_System) refers to stm32f10x_rcc.o(i.RCC_PLLCmd) for RCC_PLLCmd
    hw_config.o(i.Set_System) refers to stm32f10x_rcc.o(i.RCC_SYSCLKConfig) for RCC_SYSCLKConfig
    hw_config.o(i.Set_System) refers to stm32f10x_rcc.o(i.RCC_GetSYSCLKSource) for RCC_GetSYSCLKSource
    stm32f10x_it.o(i.SysTick_Handler) refers to main.o(.data) for timer_tick_count
    stm32f10x_it.o(i.USART1_IRQHandler) refers to stm32f10x_usart.o(i.USART_GetITStatus) for USART_GetITStatus
    stm32f10x_it.o(i.USART1_IRQHandler) refers to stm32f10x_usart.o(i.USART_ReceiveData) for USART_ReceiveData
    stm32f10x_it.o(i.USART1_IRQHandler) refers to cmd_queue.o(i.queue_push) for queue_push
    main.o(i.NOTIFYHandShake) refers to hmi_driver.o(i.SetButtonValue) for SetButtonValue
    main.o(i.NotifyButton) refers to hmi_driver.o(i.SetProgressValue) for SetProgressValue
    main.o(i.NotifyButton) refers to hmi_driver.o(i.SetTextInt32) for SetTextInt32
    main.o(i.NotifyButton) refers to hmi_driver.o(i.ReadRTC) for ReadRTC
    main.o(i.NotifyButton) refers to hmi_driver.o(i.SetSelectorValue) for SetSelectorValue
    main.o(i.NotifyButton) refers to main.o(.data) for .data
    main.o(i.NotifyProgress) refers to hmi_driver.o(i.SetTextInt32) for SetTextInt32
    main.o(i.NotifyProgress) refers to main.o(.data) for .data
    main.o(i.NotifyReadRTC) refers to hmi_driver.o(i.SetTextInt32) for SetTextInt32
    main.o(i.NotifyReadRTC) refers to hmi_driver.o(i.SetTextValue) for SetTextValue
    main.o(i.NotifyReadRTC) refers to main.o(.data) for .data
    main.o(i.NotifyScreen) refers to hmi_driver.o(i.SetButtonValue) for SetButtonValue
    main.o(i.NotifyScreen) refers to hmi_driver.o(i.AnimationStart) for AnimationStart
    main.o(i.NotifyScreen) refers to hmi_driver.o(i.GetControlValue) for GetControlValue
    main.o(i.NotifyScreen) refers to hmi_driver.o(i.SetTextValue) for SetTextValue
    main.o(i.NotifyScreen) refers to hmi_driver.o(i.Record_SetEvent) for Record_SetEvent
    main.o(i.NotifyScreen) refers to ulitity.o(i.delay_ms) for delay_ms
    main.o(i.NotifyScreen) refers to hmi_driver.o(i.Record_ResetEvent) for Record_ResetEvent
    main.o(i.NotifyScreen) refers to hmi_driver.o(i.PlayMusic) for PlayMusic
    main.o(i.NotifyScreen) refers to main.o(.data) for .data
    main.o(i.NotifyScreen) refers to main.o(.constdata) for .constdata
    main.o(i.NotifySelector) refers to main.o(.data) for .data
    main.o(i.NotifySlider) refers to hmi_driver.o(i.SetProgressValue) for SetProgressValue
    main.o(i.NotifySlider) refers to hmi_driver.o(i.SetTextInt32) for SetTextInt32
    main.o(i.NotifySlider) refers to printf2.o(i.__0sprintf$2) for __2sprintf
    main.o(i.NotifySlider) refers to hmi_driver.o(i.SetBackLight) for SetBackLight
    main.o(i.NotifyText) refers to _scanf_int.o(.text) for _scanf_int
    main.o(i.NotifyText) refers to __0sscanf.o(.text) for __0sscanf
    main.o(i.NotifyText) refers to hmi_driver.o(i.SetTextInt32) for SetTextInt32
    main.o(i.NotifyTimer) refers to hmi_driver.o(i.SetBuzzer) for SetBuzzer
    main.o(i.ProcessMessage) refers to main.o(i.NotifyReadRTC) for NotifyReadRTC
    main.o(i.ProcessMessage) refers to main.o(i.NotifyScreen) for NotifyScreen
    main.o(i.ProcessMessage) refers to main.o(i.NotifyButton) for NotifyButton
    main.o(i.ProcessMessage) refers to main.o(i.NotifyText) for NotifyText
    main.o(i.ProcessMessage) refers to main.o(i.NotifyProgress) for NotifyProgress
    main.o(i.ProcessMessage) refers to main.o(i.NotifySlider) for NotifySlider
    main.o(i.ProcessMessage) refers to main.o(i.NotifySelector) for NotifySelector
    main.o(i.ProcessMessage) refers to main.o(i.NotifyTimer) for NotifyTimer
    main.o(i.ProcessMessage) refers to main.o(i.NOTIFYHandShake) for NOTIFYHandShake
[...]
    entry.o(.ARM.Collect$$$$00000000) refers (Special) to entry11a.o(.ARM.Collect$$$$0000000F) for __rt_final_exit
    entry.o(.ARM.Collect$$$$00000000) refers (Special) to entry7b.o(.ARM.Collect$$$$00000008) for _main_clock
    entry.o(.ARM.Collect$$$$00000000) refers (Special) to entry8b.o(.ARM.Collect$$$$0000000A) for _main_cpp_init
    entry.o(.ARM.Collect$$$$00000000) refers (Special) to entry9a.o(.ARM.Collect$$$$0000000B) for _main_init
    entry.o(.ARM.Collect$$$$00000000) refers (Special) to entry5.o(.ARM.Collect$$$$00000004) for _main_scatterload
    entry.o(.ARM.Collect$$$$00000000) refers (Special) to entry2.o(.ARM.Collect$$$$00000001) for _main_stk
    printfb.o(i.__0fprintf$bare) refers to printfb.o(i._printf_core) for _printf_core
    printfb.o(i.__0fprintf$bare) refers to fputc.o(i.fputc) for fputc
    printfb.o(i.__0printf$bare) refers to printfb.o(i._printf_core) for _printf_core
    printfb.o(i.__0printf$bare) refers to fputc.o(i.fputc) for fputc
    printfb.o(i.__0printf$bare) refers to stdout.o(.data) for __stdout
    printfb.o(i.__0snprintf$bare) refers to printfb.o(i._printf_core) for _printf_core
    printfb.o(i.__0snprintf$bare) refers to printfb.o(i._snputc) for _snputc
    printfb.o(i.__0sprintf$bare) refers to printfb.o(i._printf_core) for _printf_core
    printfb.o(i.__0sprintf$bare) refers to printfb.o(i._sputc) for _sputc
    printfb.o(i.__0vfprintf$bare) refers to printfb.o(i._printf_core) for _printf_core
    printfb.o(i.__0vfprintf$bare) refers to fputc.o(i.fputc) for fputc
    printfb.o(i.__0vprintf$bare) refers to printfb.o(i._printf_core) for _printf_core
    printfb.o(i.__0vprintf$bare) refers to fputc.o(i.fputc) for fputc
    printfb.o(i.__0vprintf$bare) refers to stdout.o(.data) for __stdout
    printfb.o(i.__0vsnprintf$bare) refers to printfb.o(i._printf_core) for _printf_core
    printfb.o(i.__0vsnprintf$bare) refers to printfb.o(i._snputc) for _snputc
    printfb.o(i.__0vsprintf$bare) refers to printfb.o(i._printf_core) for _printf_core
    printfb.o(i.__0vsprintf$bare) refers to printfb.o(i._sputc) for _sputc
    printf0.o(i.__0fprintf$0) refers to printf0.o(i._printf_core) for _printf_core
    printf0.o(i.__0fprintf$0) refers to fputc.o(i.fputc) for fputc
    printf0.o(i.__0printf$0) refers to printf0.o(i._printf_core) for _printf_core
    printf0.o(i.__0printf$0) refers to fputc.o(i.fputc) for fputc
    printf0.o(i.__0printf$0) refers to stdout.o(.data) for __stdout
    printf0.o(i.__0snprintf$0) refers to printf0.o(i._printf_core) for _printf_core
    printf0.o(i.__0snprintf$0) refers to printf0.o(i._snputc) for _snputc
    printf0.o(i.__0sprintf$0) refers to printf0.o(i._printf_core) for _printf_core
    printf0.o(i.__0sprintf$0) refers to printf0.o(i._sputc) for _sputc
    printf0.o(i.__0vfprintf$0) refers to printf0.o(i._printf_core) for _printf_core
    printf0.o(i.__0vfprintf$0) refers to fputc.o(i.fputc) for fputc
    printf0.o(i.__0vprintf$0) refers to printf0.o(i._printf_core) for _printf_core
    printf0.o(i.__0vprintf$0) refers to fputc.o(i.fputc) for fputc
    printf0.o(i.__0vprintf$0) refers to stdout.o(.data) for __stdout
    printf0.o(i.__0vsnprintf$0) refers to printf0.o(i._printf_core) for _printf_core
    printf0.o(i.__0vsnprintf$0) refers to printf0.o(i._snputc) for _snputc
    printf0.o(i.__0vsprintf$0) refers to printf0.o(i._printf_core) for _printf_core
    printf0.o(i.__0vsprintf$0) refers to printf0.o(i._sputc) for _sputc
    printf1.o(i.__0fprintf$1) refers to printf1.o(i._printf_core) for _printf_core
    printf1.o(i.__0fprintf$1) refers to fputc.o(i.fputc) for fputc
    printf1.o(i.__0printf$1) refers to printf1.o(i._printf_core) for _printf_core
    printf1.o(i.__0printf$1) refers to fputc.o(i.fputc) for fputc
    printf1.o(i.__0printf$1) refers to stdout.o(.data) for __stdout
    printf1.o(i.__0snprintf$1) refers to printf1.o(i._printf_core) for _printf_core
    printf1.o(i.__0snprintf$1) refers to printf1.o(i._snputc) for _snputc
    printf1.o(i.__0sprintf$1) refers to printf1.o(i._printf_core) for _printf_core
    printf1.o(i.__0sprintf$1) refers to printf1.o(i._sputc) for _sputc
    printf1.o(i.__0vfprintf$1) refers to printf1.o(i._printf_core) for _printf_core
    printf1.o(i.__0vfprintf$1) refers to fputc.o(i.fputc) for fputc
    printf1.o(i.__0vprintf$1) refers to printf1.o(i._printf_core) for _printf_core
    printf1.o(i.__0vprintf$1) refers to fputc.o(i.fputc) for fputc
    printf1.o(i.__0vprintf$1) refers to stdout.o(.data) for __stdout
    printf1.o(i.__0vsnprintf$1) refers to printf1.o(i._printf_core) for _printf_core
    printf1.o(i.__0vsnprintf$1) refers to printf1.o(i._snputc) for _snputc
    printf1.o(i.__0vsprintf$1) refers to printf1.o(i._printf_core) for _printf_core
    printf1.o(i.__0vsprintf$1) refers to printf1.o(i._sputc) for _sputc
    printf1.o(i._printf_core) refers to uidiv.o(.text) for __aeabi_uidivmod
    printf2.o(i.__0fprintf$2) refers to printf2.o(i._printf_core) for _printf_core
    printf2.o(i.__0fprintf$2) refers to fputc.o(i.fputc) for fputc
    printf2.o(i.__0printf$2) refers to printf2.o(i._printf_core) for _printf_core
    printf2.o(i.__0printf$2) refers to fputc.o(i.fputc) for fputc
    printf2.o(i.__0printf$2) refers to stdout.o(.data) for __stdout
    printf2.o(i.__0snprintf$2) refers to printf2.o(i._printf_core) for _printf_core
    printf2.o(i.__0snprintf$2) refers to printf2.o(i._snputc) for _snputc
    printf2.o(i.__0sprintf$2) refers to printf2.o(i._printf_core) for _printf_core
    printf2.o(i.__0sprintf$2) refers to printf2.o(i._sputc) for _sputc
    printf2.o(i.__0vfprintf$2) refers to printf2.o(i._printf_core) for _printf_core
    printf2.o(i.__0vfprintf$2) refers to fputc.o(i.fputc) for fputc
    printf2.o(i.__0vprintf$2) refers to printf2.o(i._printf_core) for _printf_core
    printf2.o(i.__0vprintf$2) refers to fputc.o(i.fputc) for fputc
    printf2.o(i.__0vprintf$2) refers to stdout.o(.data) for __stdout
    printf2.o(i.__0vsnprintf$2) refers to printf2.o(i._printf_core) for _printf_core
    printf2.o(i.__0vsnprintf$2) refers to printf2.o(i._snputc) for _snputc
    printf2.o(i.__0vsprintf$2) refers to printf2.o(i._printf_core) for _printf_core
    printf2.o(i.__0vsprintf$2) refers to printf2.o(i._sputc) for _sputc
    printf3.o(i.__0fprintf$3) refers to printf3.o(i._printf_core) for _printf_core
    printf3.o(i.__0fprintf$3) refers to fputc.o(i.fputc) for fputc
    printf3.o(i.__0printf$3) refers to printf3.o(i._printf_core) for _printf_core
    printf3.o(i.__0printf$3) refers to fputc.o(i.fputc) for fputc
    printf3.o(i.__0printf$3) refers to stdout.o(.data) for __stdout
    printf3.o(i.__0snprintf$3) refers to printf3.o(i._printf_core) for _printf_core
    printf3.o(i.__0snprintf$3) refers to printf3.o(i._snputc) for _snputc
    printf3.o(i.__0sprintf$3) refers to printf3.o(i._printf_core) for _printf_core
    printf3.o(i.__0sprintf$3) refers to printf3.o(i._sputc) for _sputc
    printf3.o(i.__0vfprintf$3) refers to printf3.o(i._printf_core) for _printf_core
    printf3.o(i.__0vfprintf$3) refers to fputc.o(i.fputc) for fputc
    printf3.o(i.__0vprintf$3) refers to printf3.o(i._printf_core) for _printf_core
    printf3.o(i.__0vprintf$3) refers to fputc.o(i.fputc) for fputc
    printf3.o(i.__0vprintf$3) refers to stdout.o(.data) for __stdout
    printf3.o(i.__0vsnprintf$3) refers to printf3.o(i._printf_core) for _printf_core
    printf3.o(i.__0vsnprintf$3) refers to printf3.o(i._snputc) for _snputc
    printf3.o(i.__0vsprintf$3) refers to printf3.o(i._printf_core) for _printf_core
    printf3.o(i.__0vsprintf$3) refers to printf3.o(i._sputc) for _sputc
    printf3.o(i._printf_core) refers to uidiv.o(.text) for __aeabi_uidivmod
    printf4.o(i.__0fprintf$4) refers to printf4.o(i._printf_core) for _printf_core
    printf4.o(i.__0fprintf$4) refers to fputc.o(i.fputc) for fputc
    printf4.o(i.__0printf$4) refers to printf4.o(i._printf_core) for _printf_core
    printf4.o(i.__0printf$4) refers to fputc.o(i.fputc) for fputc
    printf4.o(i.__0printf$4) refers to stdout.o(.data) for __stdout
    printf4.o(i.__0snprintf$4) refers to printf4.o(i._printf_core) for _printf_core
    printf4.o(i.__0snprintf$4) refers to printf4.o(i._snputc) for _snputc
    printf4.o(i.__0sprintf$4) refers to printf4.o(i._printf_core) for _printf_core
    printf4.o(i.__0sprintf$4) refers to printf4.o(i._sputc) for _sputc
    printf4.o(i.__0vfprintf$4) refers to printf4.o(i._printf_core) for _printf_core
    printf4.o(i.__0vfprintf$4) refers to fputc.o(i.fputc) for fputc
    printf4.o(i.__0vprintf$4) refers to printf4.o(i._printf_core) for _printf_core
    printf4.o(i.__0vprintf$4) refers to fputc.o(i.fputc) for fputc
    printf4.o(i.__0vprintf$4) refers to stdout.o(.data) for __stdout
    printf4.o(i.__0vsnprintf$4) refers to printf4.o(i._printf_core) for _printf_core
    printf4.o(i.__0vsnprintf$4) refers to printf4.o(i._snputc) for _snputc
    printf4.o(i.__0vsprintf$4) refers to printf4.o(i._printf_core) for _printf_core
    printf4.o(i.__0vsprintf$4) refers to printf4.o(i._sputc) for _sputc
    printf4.o(i._printf_core) refers to uldiv.o(.text) for __aeabi_uldivmod
    printf5.o(i.__0fprintf$5) refers to printf5.o(i._printf_core) for _printf_core
    printf5.o(i.__0fprintf$5) refers to fputc.o(i.fputc) for fputc
    printf5.o(i.__0printf$5) refers to printf5.o(i._printf_core) for _printf_core
    printf5.o(i.__0printf$5) refers to fputc.o(i.fputc) for fputc
    printf5.o(i.__0printf$5) refers to stdout.o(.data) for __stdout
    printf5.o(i.__0snprintf$5) refers to printf5.o(i._printf_core) for _printf_core
    printf5.o(i.__0snprintf$5) refers to printf5.o(i._snputc) for _snputc
    printf5.o(i.__0sprintf$5) refers to printf5.o(i._printf_core) for _printf_core
    printf5.o(i.__0sprintf$5) refers to printf5.o(i._sputc) for _sputc
    printf5.o(i.__0vfprintf$5) refers to printf5.o(i._printf_core) for _printf_core
    printf5.o(i.__0vfprintf$5) refers to fputc.o(i.fputc) for fputc
    printf5.o(i.__0vprintf$5) refers to printf5.o(i._printf_core) for _printf_core
    printf5.o(i.__0vprintf$5) refers to fputc.o(i.fputc) for fputc
    printf5.o(i.__0vprintf$5) refers to stdout.o(.data) for __stdout
    printf5.o(i.__0vsnprintf$5) refers to printf5.o(i._printf_core) for _printf_core
    printf5.o(i.__0vsnprintf$5) refers to printf5.o(i._snputc) for _snputc
    printf5.o(i.__0vsprintf$5) refers to printf5.o(i._printf_core) for _printf_core
    printf5.o(i.__0vsprintf$5) refers to printf5.o(i._sputc) for _sputc
    printf5.o(i._printf_core) refers to uldiv.o(.text) for __aeabi_uldivmod
    printf6.o(i.__0fprintf$6) refers to printf6.o(i._printf_core) for _printf_core
    printf6.o(i.__0fprintf$6) refers to fputc.o(i.fputc) for fputc
    printf6.o(i.__0printf$6) refers to printf6.o(i._printf_core) for _printf_core
    printf6.o(i.__0printf$6) refers to fputc.o(i.fputc) for fputc
    printf6.o(i.__0printf$6) refers to stdout.o(.data) for __stdout
    printf6.o(i.__0snprintf$6) refers to printf6.o(i._printf_core) for _printf_core
    printf6.o(i.__0snprintf$6) refers to printf6.o(i._snputc) for _snputc
    printf6.o(i.__0sprintf$6) refers to printf6.o(i._printf_core) for _printf_core
    printf6.o(i.__0sprintf$6) refers to printf6.o(i._sputc) for _sputc
    printf6.o(i.__0vfprintf$6) refers to printf6.o(i._printf_core) for _printf_core
    printf6.o(i.__0vfprintf$6) refers to fputc.o(i.fputc) for fputc
    printf6.o(i.__0vprintf$6) refers to printf6.o(i._printf_core) for _printf_core
    printf6.o(i.__0vprintf$6) refers to fputc.o(i.fputc) for fputc
    printf6.o(i.__0vprintf$6) refers to stdout.o(.data) for __stdout
    printf6.o(i.__0vsnprintf$6) refers to printf6.o(i._printf_core) for _printf_core
    printf6.o(i.__0vsnprintf$6) refers to printf6.o(i._snputc) for _snputc
    printf6.o(i.__0vsprintf$6) refers to printf6.o(i._printf_core) for _printf_core
    printf6.o(i.__0vsprintf$6) refers to printf6.o(i._sputc) for _sputc
    printf6.o(i._printf_core) refers to printf6.o(i._printf_pre_padding) for _printf_pre_padding
    printf6.o(i._printf_core) refers to uidiv.o(.text) for __aeabi_uidivmod
    printf6.o(i._printf_core) refers to printf6.o(i._printf_post_padding) for _printf_post_padding
    printf7.o(i.__0fprintf$7) refers to printf7.o(i._printf_core) for _printf_core
    printf7.o(i.__0fprintf$7) refers to fputc.o(i.fputc) for fputc
    printf7.o(i.__0printf$7) refers to printf7.o(i._printf_core) for _printf_core
    printf7.o(i.__0printf$7) refers to fputc.o(i.fputc) for fputc
    printf7.o(i.__0printf$7) refers to stdout.o(.data) for __stdout
    printf7.o(i.__0snprintf$7) refers to printf7.o(i._printf_core) for _printf_core
    printf7.o(i.__0snprintf$7) refers to printf7.o(i._snputc) for _snputc
    printf7.o(i.__0sprintf$7) refers to printf7.o(i._printf_core) for _printf_core
    printf7.o(i.__0sprintf$7) refers to printf7.o(i._sputc) for _sputc
    printf7.o(i.__0vfprintf$7) refers to printf7.o(i._printf_core) for _printf_core
    printf7.o(i.__0vfprintf$7) refers to fputc.o(i.fputc) for fputc
    printf7.o(i.__0vprintf$7) refers to printf7.o(i._printf_core) for _printf_core
    printf7.o(i.__0vprintf$7) refers to fputc.o(i.fputc) for fputc
    printf7.o(i.__0vprintf$7) refers to stdout.o(.data) for __stdout
    printf7.o(i.__0vsnprintf$7) refers to printf7.o(i._printf_core) for _printf_core
    printf7.o(i.__0vsnprintf$7) refers to printf7.o(i._snputc) for _snputc
    printf7.o(i.__0vsprintf$7) refers to printf7.o(i._printf_core) for _printf_core
    printf7.o(i.__0vsprintf$7) refers to printf7.o(i._sputc) for _sputc
    printf7.o(i._printf_core) refers to printf7.o(i._printf_pre_padding) for _printf_pre_padding
    printf7.o(i._printf_core) refers to uldiv.o(.text) for __aeabi_uldivmod
    printf7.o(i._printf_core) refers to printf7.o(i._printf_post_padding) for _printf_post_padding
    printf8.o(i.__0fprintf$8) refers to printf8.o(i._printf_core) for _printf_core
    printf8.o(i.__0fprintf$8) refers to fputc.o(i.fputc) for fputc
    printf8.o(i.__0printf$8) refers to printf8.o(i._printf_core) for _printf_core
    printf8.o(i.__0printf$8) refers to fputc.o(i.fputc) for fputc
    printf8.o(i.__0printf$8) refers to stdout.o(.data) for __stdout
    printf8.o(i.__0snprintf$8) refers to printf8.o(i._printf_core) for _printf_core
    printf8.o(i.__0snprintf$8) refers to printf8.o(i._snputc) for _snputc
    printf8.o(i.__0sprintf$8) refers to printf8.o(i._printf_core) for _printf_core
    printf8.o(i.__0sprintf$8) refers to printf8.o(i._sputc) for _sputc
    printf8.o(i.__0vfprintf$8) refers to printf8.o(i._printf_core) for _printf_core
    printf8.o(i.__0vfprintf$8) refers to fputc.o(i.fputc) for fputc
    printf8.o(i.__0vprintf$8) refers to printf8.o(i._printf_core) for _printf_core
    printf8.o(i.__0vprintf$8) refers to fputc.o(i.fputc) for fputc
    printf8.o(i.__0vprintf$8) refers to stdout.o(.data) for __stdout
    printf8.o(i.__0vsnprintf$8) refers to printf8.o(i._printf_core) for _printf_core
    printf8.o(i.__0vsnprintf$8) refers to printf8.o(i._snputc) for _snputc
    printf8.o(i.__0vsprintf$8) refers to printf8.o(i._printf_core) for _printf_core
    printf8.o(i.__0vsprintf$8) refers to printf8.o(i._sputc) for _sputc
    printf8.o(i._printf_core) refers to printf8.o(i._printf_pre_padding) for _printf_pre_padding
    printf8.o(i._printf_core) refers to uldiv.o(.text) for __aeabi_uldivmod
    printf8.o(i._printf_core) refers to printf8.o(i._printf_post_padding) for _printf_post_padding
    printfa.o(i.__0fprintf) refers (Special) to iusefp.o(.text) for __I$use$fp
    printfa.o(i.__0fprintf) refers to printfa.o(i._printf_core) for _printf_core
    printfa.o(i.__0fprintf) refers to fputc.o(i.fputc) for fputc
    printfa.o(i.__0printf) refers (Special) to iusefp.o(.text) for __I$use$fp
    printfa.o(i.__0printf) refers to printfa.o(i._printf_core) for _printf_core
    printfa.o(i.__0printf) refers to fputc.o(i.fputc) for fputc
    printfa.o(i.__0printf) refers to stdout.o(.data) for __stdout
    printfa.o(i.__0snprintf) refers (Special) to iusefp.o(.text) for __I$use$fp
    printfa.o(i.__0snprintf) refers to printfa.o(i._printf_core) for _printf_core
    printfa.o(i.__0snprintf) refers to printfa.o(i._snputc) for _snputc
    printfa.o(i.__0sprintf) refers (Special) to iusefp.o(.text) for __I$use$fp
    printfa.o(i.__0sprintf) refers to printfa.o(i._printf_core) for _printf_core
    printfa.o(i.__0sprintf) refers to printfa.o(i._sputc) for _sputc
    printfa.o(i.__0vfprintf) refers (Special) to iusefp.o(.text) for __I$use$fp
    printfa.o(i.__0vfprintf) refers to printfa.o(i._printf_core) for _printf_core
    printfa.o(i.__0vfprintf) refers to fputc.o(i.fputc) for fputc
    printfa.o(i.__0vprintf) refers (Special) to iusefp.o(.text) for __I$use$fp
    printfa.o(i.__0vprintf) refers to printfa.o(i._printf_core) for _printf_core
    printfa.o(i.__0vprintf) refers to fputc.o(i.fputc) for fputc
    printfa.o(i.__0vprintf) refers to stdout.o(.data) for __stdout
    printfa.o(i.__0vsnprintf) refers (Special) to iusefp.o(.text) for __I$use$fp
    printfa.o(i.__0vsnprintf) refers to printfa.o(i._printf_core) for _printf_core
    printfa.o(i.__0vsnprintf) refers to printfa.o(i._snputc) for _snputc
    printfa.o(i.__0vsprintf) refers (Special) to iusefp.o(.text) for __I$use$fp
    printfa.o(i.__0vsprintf) refers to printfa.o(i._printf_core) for _printf_core
    printfa.o(i.__0vsprintf) refers to printfa.o(i._sputc) for _sputc
    printfa.o(i._fp_digits) refers (Special) to iusefp.o(.text) for __I$use$fp
    printfa.o(i._fp_digits) refers to dmul.o(.text) for __aeabi_dmul
    printfa.o(i._fp_digits) refers to ddiv.o(.text) for __aeabi_ddiv
    printfa.o(i._fp_digits) refers to cdrcmple.o(.text) for __aeabi_cdrcmple
    printfa.o(i._fp_digits) refers to dadd.o(.text) for __aeabi_dadd
    printfa.o(i._fp_digits) refers to dfixul.o(.text) for __aeabi_d2ulz
    printfa.o(i._fp_digits) refers to uldiv.o(.text) for __aeabi_uldivmod
    printfa.o(i._printf_core) refers (Special) to iusefp.o(.text) for __I$use$fp
    printfa.o(i._printf_core) refers to printfa.o(i._printf_pre_padding) for _printf_pre_padding
    printfa.o(i._printf_core) refers to uldiv.o(.text) for __aeabi_uldivmod
    printfa.o(i._printf_core) refers to printfa.o(i._printf_post_padding) for _printf_post_padding
    printfa.o(i._printf_core) refers to printfa.o(i._fp_digits) for _fp_digits
    printfa.o(i._printf_core) refers to uidiv.o(.text) for __aeabi_uidivmod
    printfa.o(i._printf_post_padding) refers (Special) to iusefp.o(.text) for __I$use$fp
    printfa.o(i._printf_pre_padding) refers (Special) to iusefp.o(.text) for __I$use$fp
    printfa.o(i._snputc) refers (Special) to iusefp.o(.text) for __I$use$fp
    printfa.o(i._sputc) refers (Special) to iusefp.o(.text) for __I$use$fp
    __0sscanf.o(.text) refers to scanf_char.o(.text) for __vfscanf_char
    __0sscanf.o(.text) refers to _sgetc.o(.text) for _sgetc
    _scanf_int.o(.text) refers to _chval.o(.text) for _chval
    entry2.o(.ARM.Collect$$$$00000001) refers to entry2.o(.ARM.Collect$$$$00002712) for __lit__00000000
    entry2.o(.ARM.Collect$$$$00002712) refers to startup_stm32f10x_cl.o(STACK) for __initial_sp
    entry2.o(__vectab_stack_and_reset_area) refers to startup_stm32f10x_cl.o(STACK) for __initial_sp
    entry2.o(__vectab_stack_and_reset_area) refers to entry.o(.ARM.Collect$$$$00000000) for __main
    entry5.o(.ARM.Collect$$$$00000004) refers to init.o(.text) for __scatterload
    entry9a.o(.ARM.Collect$$$$0000000B) refers to main.o(i.main) for main
    entry9b.o(.ARM.Collect$$$$0000000C) refers to main.o(i.main) for main
    fputc.o(i.fputc) refers (Special) to iusesemip.o(.text) for __I$use$semihosting$fputc
    fputc.o(i.fputc) refers (Special) to semi.o(.text) for __semihosting_library_function
    uldiv.o(.text) refers to llushr.o(.text) for __aeabi_llsr
    uldiv.o(.text) refers to llshl.o(.text) for __aeabi_llsl
    scanf_char.o(.text) refers to _scanf.o(.text) for __vfscanf
    scanf_char.o(.text) refers to isspace_c.o(.text) for isspace
    dadd.o(.text) refers to llshl.o(.text) for __aeabi_llsl
    dadd.o(.text) refers to llsshr.o(.text) for __aeabi_lasr
    dadd.o(.text) refers to depilogue.o(.text) for _double_epilogue
    dmul.o(.text) refers to depilogue.o(.text) for _double_epilogue
    ddiv.o(.text) refers to depilogue.o(.text) for _double_round
    dfixul.o(.text) refers to llushr.o(.text) for __aeabi_llsr
    dfixul.o(.text) refers to llshl.o(.text) for __aeabi_llsl
    init.o(.text) refers to entry5.o(.ARM.Collect$$$$00000004) for __main_after_scatterload
    isspace_c.o(.text) refers to ctype_c.o(.text) for __ctype_lookup
    _scanf.o(.text) refers (Weak) to _scanf_int.o(.text) for _scanf_int
    depilogue.o(.text) refers to llshl.o(.text) for __aeabi_llsl
    depilogue.o(.text) refers to llushr.o(.text) for __aeabi_llsr
    ctype_c.o(.text) refers to ctype_c.o(.constdata) for .constdata


==============================================================================

Removing Unused input sections from the image.

    Removing hw_config.o(.bss), (16 bytes).
    Removing hw_config.o(.data), (1 bytes).
    Removing main.o(i.NotifyMenu), (2 bytes).
    Removing main.o(i.NotifyMeter), (2 bytes).
    Removing main.o(i.NotifyReadFlash), (2 bytes).
    Removing main.o(i.NotifyTouchXY), (2 bytes).
    Removing main.o(i.NotifyWriteFlash), (2 bytes).
    Removing stm32f10x_usart.o(i.USART_ClearFlag), (6 bytes).
    Removing stm32f10x_usart.o(i.USART_ClearITPendingBit), (12 bytes).
    Removing stm32f10x_usart.o(i.USART_ClockInit), (30 bytes).
    Removing stm32f10x_usart.o(i.USART_ClockStructInit), (12 bytes).
    Removing stm32f10x_usart.o(i.USART_DMACmd), (16 bytes).
    Removing stm32f10x_usart.o(i.USART_HalfDuplexCmd), (20 bytes).
    Removing stm32f10x_usart.o(i.USART_IrDACmd), (20 bytes).
    Removing stm32f10x_usart.o(i.USART_IrDAConfig), (16 bytes).
    Removing stm32f10x_usart.o(i.USART_LINBreakDetectLengthConfig), (16 bytes).
    Removing stm32f10x_usart.o(i.USART_LINCmd), (20 bytes).
    Removing stm32f10x_usart.o(i.USART_ReceiverWakeUpCmd), (20 bytes).
    Removing stm32f10x_usart.o(i.USART_SendBreak), (10 bytes).
    Removing stm32f10x_usart.o(i.USART_SetAddress), (16 bytes).
    Removing stm32f10x_usart.o(i.USART_SetGuardTime), (16 bytes).
    Removing stm32f10x_usart.o(i.USART_SetPrescaler), (16 bytes).
    Removing stm32f10x_usart.o(i.USART_SmartCardCmd), (20 bytes).
    Removing stm32f10x_usart.o(i.USART_SmartCardNACKCmd), (20 bytes).
    Removing stm32f10x_usart.o(i.USART_StructInit), (22 bytes).
    Removing stm32f10x_usart.o(i.USART_WakeUpConfig), (16 bytes).
    Removing misc.o(i.NVIC_SetVectorTable), (20 bytes).
    Removing misc.o(i.NVIC_SystemLPConfig), (24 bytes).
    Removing stm32f10x_gpio.o(i.GPIO_AFIODeInit), (22 bytes).
    Removing stm32f10x_gpio.o(i.GPIO_DeInit), (180 bytes).
    Removing stm32f10x_gpio.o(i.GPIO_ETH_MediaInterfaceConfig), (12 bytes).
    Removing stm32f10x_gpio.o(i.GPIO_EXTILineConfig), (40 bytes).
    Removing stm32f10x_gpio.o(i.GPIO_EventOutputCmd), (12 bytes).
    Removing stm32f10x_gpio.o(i.GPIO_EventOutputConfig), (28 bytes).
    Removing stm32f10x_gpio.o(i.GPIO_PinLockConfig), (16 bytes).
    Removing stm32f10x_gpio.o(i.GPIO_PinRemapConfig), (72 bytes).
    Removing stm32f10x_gpio.o(i.GPIO_ReadInputData), (6 bytes).
    Removing stm32f10x_gpio.o(i.GPIO_ReadInputDataBit), (14 bytes).
    Removing stm32f10x_gpio.o(i.GPIO_ReadOutputData), (6 bytes).
    Removing stm32f10x_gpio.o(i.GPIO_ReadOutputDataBit), (14 bytes).
    Removing stm32f10x_gpio.o(i.GPIO_ResetBits), (4 bytes).
    Removing stm32f10x_gpio.o(i.GPIO_SetBits), (4 bytes).
    Removing stm32f10x_gpio.o(i.GPIO_StructInit), (16 bytes).
    Removing stm32f10x_gpio.o(i.GPIO_Write), (4 bytes).
    Removing stm32f10x_gpio.o(i.GPIO_WriteBit), (10 bytes).
    Removing stm32f10x_rcc.o(i.RCC_ADCCLKConfig), (20 bytes).
    Removing stm32f10x_rcc.o(i.RCC_AHBPeriphClockCmd), (24 bytes).
    Removing stm32f10x_rcc.o(i.RCC_APB1PeriphClockCmd), (24 bytes).
    Removing stm32f10x_rcc.o(i.RCC_AdjustHSICalibrationValue), (20 bytes).
    Removing stm32f10x_rcc.o(i.RCC_BackupResetCmd), (12 bytes).
    Removing stm32f10x_rcc.o(i.RCC_ClearFlag), (16 bytes).
    Removing stm32f10x_rcc.o(i.RCC_ClearITPendingBit), (12 bytes).
    Removing stm32f10x_rcc.o(i.RCC_ClockSecuritySystemCmd), (12 bytes).
    Removing stm32f10x_rcc.o(i.RCC_GetITStatus), (20 bytes).
    Removing stm32f10x_rcc.o(i.RCC_HSEConfig), (52 bytes).
    Removing stm32f10x_rcc.o(i.RCC_ITConfig), (24 bytes).
    Removing stm32f10x_rcc.o(i.RCC_LSEConfig), (32 bytes).
    Removing stm32f10x_rcc.o(i.RCC_LSICmd), (12 bytes).
    Removing stm32f10x_rcc.o(i.RCC_MCOConfig), (12 bytes).
    Removing stm32f10x_rcc.o(i.RCC_RTCCLKCmd), (12 bytes).
    Removing stm32f10x_rcc.o(i.RCC_RTCCLKConfig), (16 bytes).
    Removing stm32f10x_rcc.o(i.RCC_USBCLKConfig), (12 bytes).
    Removing stm32f10x_rcc.o(i.RCC_WaitForHSEStartUp), (44 bytes).
    Removing stm32f10x_flash.o(i.FLASH_ClearFlag), (12 bytes).
    Removing stm32f10x_flash.o(i.FLASH_EnableWriteProtection), (168 bytes).
    Removing stm32f10x_flash.o(i.FLASH_EraseAllPages), (60 bytes).
    Removing stm32f10x_flash.o(i.FLASH_EraseOptionBytes), (116 bytes).
    Removing stm32f10x_flash.o(i.FLASH_ErasePage), (64 bytes).
    Removing stm32f10x_flash.o(i.FLASH_GetFlagStatus), (32 bytes).
    Removing stm32f10x_flash.o(i.FLASH_GetPrefetchBufferStatus), (20 bytes).
    Removing stm32f10x_flash.o(i.FLASH_GetReadOutProtectionStatus), (20 bytes).
    Removing stm32f10x_flash.o(i.FLASH_GetStatus), (40 bytes).
    Removing stm32f10x_flash.o(i.FLASH_GetUserOptionByte), (12 bytes).
    Removing stm32f10x_flash.o(i.FLASH_GetWriteProtectionOptionByte), (12 bytes).
    Removing stm32f10x_flash.o(i.FLASH_HalfCycleAccessCmd), (24 bytes).
    Removing stm32f10x_flash.o(i.FLASH_ITConfig), (24 bytes).
    Removing stm32f10x_flash.o(i.FLASH_Lock), (16 bytes).
    Removing stm32f10x_flash.o(i.FLASH_ProgramHalfWord), (56 bytes).
    Removing stm32f10x_flash.o(i.FLASH_ProgramOptionByteData), (72 bytes).
    Removing stm32f10x_flash.o(i.FLASH_ProgramWord), (76 bytes).
    Removing stm32f10x_flash.o(i.FLASH_ReadOutProtection), (136 bytes).
    Removing stm32f10x_flash.o(i.FLASH_Unlock), (24 bytes).
    Removing stm32f10x_flash.o(i.FLASH_UserOptionByteConfig), (88 bytes).
    Removing stm32f10x_flash.o(i.FLASH_WaitForLastOperation), (46 bytes).
    Removing stm32f10x_exti.o(i.EXTI_ClearFlag), (12 bytes).
    Removing stm32f10x_exti.o(i.EXTI_ClearITPendingBit), (12 bytes).
    Removing stm32f10x_exti.o(i.EXTI_DeInit), (36 bytes).
    Removing stm32f10x_exti.o(i.EXTI_GenerateSWInterrupt), (16 bytes).
    Removing stm32f10x_exti.o(i.EXTI_GetFlagStatus), (20 bytes).
    Removing stm32f10x_exti.o(i.EXTI_GetITStatus), (32 bytes).
    Removing stm32f10x_exti.o(i.EXTI_Init), (112 bytes).
    Removing stm32f10x_exti.o(i.EXTI_StructInit), (14 bytes).
    Removing startup_stm32f10x_cl.o(HEAP), (512 bytes).
    Removing system_stm32f10x.o(i.SetSysClockTo72), (168 bytes).
    Removing system_stm32f10x.o(i.SystemInit), (64 bytes).
    Removing system_stm32f10x.o(.constdata), (4 bytes).
    Removing system_stm32f10x.o(.constdata), (4 bytes).
    Removing system_stm32f10x.o(.constdata), (4 bytes).
    Removing system_stm32f10x.o(.constdata), (4 bytes).
    Removing system_stm32f10x.o(.constdata), (4 bytes).
    Removing core_cm3.o(.emb_text), (32 bytes).
    Removing hmi_driver.o(i.AnimationPause), (76 bytes).
    Removing hmi_driver.o(i.AnimationPlayNext), (76 bytes).
    Removing hmi_driver.o(i.AnimationPlayPrev), (76 bytes).
    Removing hmi_driver.o(i.AnimationStop), (76 bytes).
    Removing hmi_driver.o(i.BatchBegin), (38 bytes).
    Removing hmi_driver.o(i.BatchEnd), (30 bytes).
    Removing hmi_driver.o(i.BatchSetButtonValue), (40 bytes).
    Removing hmi_driver.o(i.BatchSetEnable), (34 bytes).
    Removing hmi_driver.o(i.BatchSetFrame), (46 bytes).
    Removing hmi_driver.o(i.BatchSetMeterValue), (62 bytes).
    Removing hmi_driver.o(i.BatchSetProgressValue), (62 bytes).
    Removing hmi_driver.o(i.BatchSetSliderValue), (62 bytes).
    Removing hmi_driver.o(i.BatchSetText), (54 bytes).
    Removing hmi_driver.o(i.BatchSetVisible), (34 bytes).
    Removing hmi_driver.o(i.CalibrateTouchPane), (42 bytes).
    Removing hmi_driver.o(i.ClearLayer), (50 bytes).
    Removing hmi_driver.o(i.ColorPicker), (78 bytes).
    Removing hmi_driver.o(i.CopyLayer), (58 bytes).
    Removing hmi_driver.o(i.DelayMS), (22 bytes).
    Removing hmi_driver.o(i.DisArea_Image), (94 bytes).
    Removing hmi_driver.o(i.DisCursor), (96 bytes).
    Removing hmi_driver.o(i.DisCut_Image), (162 bytes).
    Removing hmi_driver.o(i.DisFlashImage), (102 bytes).
    Removing hmi_driver.o(i.DisFull_Image), (64 bytes).
    Removing hmi_driver.o(i.DisText), (96 bytes).
    Removing hmi_driver.o(i.DisplyLayer), (50 bytes).
    Removing hmi_driver.o(i.FlashBeginSaveControl), (84 bytes).
    Removing hmi_driver.o(i.FlashEndSaveControl), (30 bytes).
    Removing hmi_driver.o(i.FlashRestoreControl), (108 bytes).
    Removing hmi_driver.o(i.FlashSaveControl), (34 bytes).
    Removing hmi_driver.o(i.GUI_Arc), (120 bytes).
    Removing hmi_driver.o(i.GUI_AreaInycolor), (100 bytes).
    Removing hmi_driver.o(i.GUI_BcolorConDots), (60 bytes).
    Removing hmi_driver.o(i.GUI_BcolorConOffsetDots), (84 bytes).
    Removing hmi_driver.o(i.GUI_Circle), (84 bytes).
    Removing hmi_driver.o(i.GUI_CircleFill), (84 bytes).
    Removing hmi_driver.o(i.GUI_CleanScreen), (42 bytes).
    Removing hmi_driver.o(i.GUI_ConDots), (68 bytes).
    Removing hmi_driver.o(i.GUI_ConSpaceDots), (84 bytes).
    Removing hmi_driver.o(i.GUI_DispRTC), (110 bytes).
    Removing hmi_driver.o(i.GUI_Dot), (70 bytes).
    Removing hmi_driver.o(i.GUI_Ellipse), (100 bytes).
    Removing hmi_driver.o(i.GUI_EllipseFill), (100 bytes).
    Removing hmi_driver.o(i.GUI_FcolorConDots), (60 bytes).
    Removing hmi_driver.o(i.GUI_FcolorConOffsetDots), (84 bytes).
    Removing hmi_driver.o(i.GUI_Line), (100 bytes).
    Removing hmi_driver.o(i.GUI_Rectangle), (100 bytes).
    Removing hmi_driver.o(i.GUI_RectangleFill), (100 bytes).
    Removing hmi_driver.o(i.GetScreen), (48 bytes).
    Removing hmi_driver.o(i.GetStringLen), (16 bytes).
    Removing hmi_driver.o(i.GraphChannelAdd), (100 bytes).
    Removing hmi_driver.o(i.GraphChannelDataClear), (84 bytes).
    Removing hmi_driver.o(i.GraphChannelDel), (84 bytes).
    Removing hmi_driver.o(i.GraphSetViewport), (144 bytes).
    Removing hmi_driver.o(i.HistoryGraph_EnableSampling), (84 bytes).
    Removing hmi_driver.o(i.HistoryGraph_SetTimeFullScreen), (82 bytes).
    Removing hmi_driver.o(i.HistoryGraph_SetTimeLength), (96 bytes).
    Removing hmi_driver.o(i.HistoryGraph_SetTimeZoom), (132 bytes).
    Removing hmi_driver.o(i.HistoryGraph_SetValueFloat), (128 bytes).
    Removing hmi_driver.o(i.HistoryGraph_SetValueInt16), (90 bytes).
    Removing hmi_driver.o(i.HistoryGraph_SetValueInt32), (138 bytes).
    Removing hmi_driver.o(i.HistoryGraph_ShowChannel), (94 bytes).
    Removing hmi_driver.o(i.LockDeviceConfig), (66 bytes).
    Removing hmi_driver.o(i.PauseTimer), (76 bytes).
    Removing hmi_driver.o(i.ReadUserFlash), (86 bytes).
    Removing hmi_driver.o(i.Record_Add), (84 bytes).
    Removing hmi_driver.o(i.Record_Clear), (76 bytes).
    Removing hmi_driver.o(i.Record_GetCount), (76 bytes).
    Removing hmi_driver.o(i.Record_SetOffset), (90 bytes).
    Removing hmi_driver.o(i.SeTimer), (106 bytes).
    Removing hmi_driver.o(i.SendNU16), (40 bytes).
    Removing hmi_driver.o(i.SetBcolor), (56 bytes).
    Removing hmi_driver.o(i.SetCommBps), (50 bytes).
    Removing hmi_driver.o(i.SetControlEnable), (84 bytes).
    Removing hmi_driver.o(i.SetControlFocus), (84 bytes).
    Removing hmi_driver.o(i.SetControlForeColor), (90 bytes).
    Removing hmi_driver.o(i.SetControlVisiable), (84 bytes).
    Removing hmi_driver.o(i.SetFcolor), (56 bytes).
    Removing hmi_driver.o(i.SetFilterColor), (70 bytes).
    Removing hmi_driver.o(i.SetFont_Region), (78 bytes).
    Removing hmi_driver.o(i.SetHandShake), (42 bytes).
    Removing hmi_driver.o(i.SetLanguage), (64 bytes).
    Removing hmi_driver.o(i.SetPowerSaving), (76 bytes).
    Removing hmi_driver.o(i.SetScreen), (62 bytes).
    Removing hmi_driver.o(i.SetScreenUpdateEnable), (50 bytes).
    Removing hmi_driver.o(i.SetSliderValue), (106 bytes).
    Removing hmi_driver.o(i.SetTextFloat), (132 bytes).
    Removing hmi_driver.o(i.SetTextSpace), (58 bytes).
    Removing hmi_driver.o(i.SetTouchPaneOption), (76 bytes).
    Removing hmi_driver.o(i.ShowKeyboard), (104 bytes).
    Removing hmi_driver.o(i.ShowPopupMenu), (100 bytes).
    Removing hmi_driver.o(i.StartTimer), (76 bytes).
    Removing hmi_driver.o(i.StopTimer), (76 bytes).
    Removing hmi_driver.o(i.TestTouchPane), (42 bytes).
    Removing hmi_driver.o(i.UnlockDeviceConfig), (66 bytes).
    Removing hmi_driver.o(i.WriteLayer), (50 bytes).
    Removing hmi_driver.o(i.WriteUserFlash), (84 bytes).
    Removing dadd.o(.text), (334 bytes).
    Removing dmul.o(.text), (228 bytes).
    Removing ddiv.o(.text), (222 bytes).
    Removing dfixul.o(.text), (48 bytes).
    Removing cdrcmple.o(.text), (48 bytes).
    Removing depilogue.o(.text), (186 bytes).

204 unused section(s) (total 11887 bytes) removed from the image.

==============================================================================

Image Symbol Table

    Local Symbols

    Symbol Name                              Value     Ov Type        Size  Object(Section)

    ../clib/microlib/ctype/ctype.c           0x00000000   Number         0  isspace_c.o ABSOLUTE
    ../clib/microlib/ctype/ctype.c           0x00000000   Number         0  ctype_c.o ABSOLUTE
    ../clib/microlib/division.c              0x00000000   Number         0  uidiv.o ABSOLUTE
    ../clib/microlib/division.c              0x00000000   Number         0  uldiv.o ABSOLUTE
    ../clib/microlib/init/entry.s            0x00000000   Number         0  entry7a.o ABSOLUTE
    ../clib/microlib/init/entry.s            0x00000000   Number         0  entry11a.o ABSOLUTE
    ../clib/microlib/init/entry.s            0x00000000   Number         0  entry7b.o ABSOLUTE
    ../clib/microlib/init/entry.s            0x00000000   Number         0  entry9a.o ABSOLUTE
    ../clib/microlib/init/entry.s            0x00000000   Number         0  entry8b.o ABSOLUTE
    ../clib/microlib/init/entry.s            0x00000000   Number         0  entry8a.o ABSOLUTE
    ../clib/microlib/init/entry.s            0x00000000   Number         0  entry9b.o ABSOLUTE
    ../clib/microlib/init/entry.s            0x00000000   Number         0  entry.o ABSOLUTE
    ../clib/microlib/init/entry.s            0x00000000   Number         0  entry10b.o ABSOLUTE
    ../clib/microlib/init/entry.s            0x00000000   Number         0  entry2.o ABSOLUTE
    ../clib/microlib/init/entry.s            0x00000000   Number         0  entry5.o ABSOLUTE
    ../clib/microlib/init/entry.s            0x00000000   Number         0  entry10a.o ABSOLUTE
    ../clib/microlib/init/entry.s            0x00000000   Number         0  entry11b.o ABSOLUTE
    ../clib/microlib/longlong.c              0x00000000   Number         0  llsshr.o ABSOLUTE
    ../clib/microlib/longlong.c              0x00000000   Number         0  llushr.o ABSOLUTE
    ../clib/microlib/longlong.c              0x00000000   Number         0  llshl.o ABSOLUTE
    ../clib/microlib/printf/printf.c         0x00000000   Number         0  printfa.o ABSOLUTE
    ../clib/microlib/printf/printf.c         0x00000000   Number         0  printf1.o ABSOLUTE
    ../clib/microlib/printf/printf.c         0x00000000   Number         0  printf0.o ABSOLUTE
    ../clib/microlib/printf/printf.c         0x00000000   Number         0  printfb.o ABSOLUTE
    ../clib/microlib/printf/printf.c         0x00000000   Number         0  printf4.o ABSOLUTE
    ../clib/microlib/printf/printf.c         0x00000000   Number         0  printf6.o ABSOLUTE
    ../clib/microlib/printf/printf.c         0x00000000   Number         0  printf5.o ABSOLUTE
    ../clib/microlib/printf/printf.c         0x00000000   Number         0  printf2.o ABSOLUTE
    ../clib/microlib/printf/printf.c         0x00000000   Number         0  printf7.o ABSOLUTE
    ../clib/microlib/printf/printf.c         0x00000000   Number         0  printf8.o ABSOLUTE
    ../clib/microlib/printf/printf.c         0x00000000   Number         0  printf3.o ABSOLUTE
    ../clib/microlib/printf/stubs.s          0x00000000   Number         0  stubs.o ABSOLUTE
    ../clib/microlib/stdio/fputc.c           0x00000000   Number         0  fputc.o ABSOLUTE
    ../clib/microlib/stdio/semi.s            0x00000000   Number         0  semi.o ABSOLUTE
    ../clib/microlib/stdio/streams.c         0x00000000   Number         0  stdout.o ABSOLUTE
    ../clib/microlib/string/memcpy.c         0x00000000   Number         0  memcpya.o ABSOLUTE
    ../clib/microlib/string/memcpy.c         0x00000000   Number         0  memcpyb.o ABSOLUTE
    ../clib/microlib/stubs.s                 0x00000000   Number         0  iusesemip.o ABSOLUTE
    ../clib/microlib/stubs.s                 0x00000000   Number         0  iusefp.o ABSOLUTE
    ../clib/scanf.c                          0x00000000   Number         0  __0sscanf.o ABSOLUTE
    ../clib/scanf.c                          0x00000000   Number         0  _scanf_int.o ABSOLUTE
    ../clib/scanf.c                          0x00000000   Number         0  _chval.o ABSOLUTE
    ../clib/scanf.c                          0x00000000   Number         0  _scanf.o ABSOLUTE
    ../clib/scanf.c                          0x00000000   Number         0  scanf_char.o ABSOLUTE
    ../clib/scanf.c                          0x00000000   Number         0  _sgetc.o ABSOLUTE
    ../fplib/microlib/fpadd.c                0x00000000   Number         0  dadd.o ABSOLUTE
    ../fplib/microlib/fpdiv.c                0x00000000   Number         0  ddiv.o ABSOLUTE
    ../fplib/microlib/fpepilogue.c           0x00000000   Number         0  depilogue.o ABSOLUTE
    ../fplib/microlib/fpfix.c                0x00000000   Number         0  dfixul.o ABSOLUTE
    ../fplib/microlib/fpmul.c                0x00000000   Number         0  dmul.o ABSOLUTE
    ..\..\..\Libraries\CMSIS\Core\CM3\core_cm3.c 0x00000000   Number         0  core_cm3.o ABSOLUTE
    ..\..\..\Libraries\CMSIS\Core\CM3\startup\arm\startup_stm32f10x_cl.s 0x00000000   Number         0  startup_stm32f10x_cl.o ABSOLUTE
    ..\..\..\Libraries\CMSIS\Core\CM3\system_stm32f10x.c 0x00000000   Number         0  system_stm32f10x.o ABSOLUTE
    ..\..\..\Libraries\STM32F10x_StdPeriph_Driver\src\misc.c 0x00000000   Number         0  misc.o ABSOLUTE
    ..\..\..\Libraries\STM32F10x_StdPeriph_Driver\src\stm32f10x_exti.c 0x00000000   Number         0  stm32f10x_exti.o ABSOLUTE
    ..\..\..\Libraries\STM32F10x_StdPeriph_Driver\src\stm32f10x_flash.c 0x00000000   Number         0  stm32f10x_flash.o ABSOLUTE
    ..\..\..\Libraries\STM32F10x_StdPeriph_Driver\src\stm32f10x_gpio.c 0x00000000   Number         0  stm32f10x_gpio.o ABSOLUTE
    ..\..\..\Libraries\STM32F10x_StdPeriph_Driver\src\stm32f10x_rcc.c 0x00000000   Number         0  stm32f10x_rcc.o ABSOLUTE
    ..\..\..\Libraries\STM32F10x_StdPeriph_Driver\src\stm32f10x_usart.c 0x00000000   Number         0  stm32f10x_usart.o ABSOLUTE
    ..\\..\\..\\Libraries\\CMSIS\\Core\\CM3\\core_cm3.c 0x00000000   Number         0  core_cm3.o ABSOLUTE
    ..\src\cmd_queue.c                       0x00000000   Number         0  cmd_queue.o ABSOLUTE
    ..\src\hmi_driver.c                      0x00000000   Number         0  hmi_driver.o ABSOLUTE
    ..\src\hmi_user_uart.c                   0x00000000   Number         0  hmi_user_uart.o ABSOLUTE
    ..\src\hw_config.c                       0x00000000   Number         0  hw_config.o ABSOLUTE
    ..\src\main.c                            0x00000000   Number         0  main.o ABSOLUTE
    ..\src\stm32f10x_it.c                    0x00000000   Number         0  stm32f10x_it.o ABSOLUTE
    ..\src\ulitity.c                         0x00000000   Number         0  ulitity.o ABSOLUTE
    cdrcmple.s                               0x00000000   Number         0  cdrcmple.o ABSOLUTE
    dc.s                                     0x00000000   Number         0  dc.o ABSOLUTE
    handlers.s                               0x00000000   Number         0  handlers.o ABSOLUTE
    init.s                                   0x00000000   Number         0  init.o ABSOLUTE
    RESET                                    0x08000000   Section      336  startup_stm32f10x_cl.o(RESET)
    .ARM.Collect$$$$00000000                 0x08000150   Section        0  entry.o(.ARM.Collect$$$$00000000)
    .ARM.Collect$$$$00000001                 0x08000150   Section        4  entry2.o(.ARM.Collect$$$$00000001)
    .ARM.Collect$$$$00000004                 0x08000154   Section        4  entry5.o(.ARM.Collect$$$$00000004)
    .ARM.Collect$$$$00000008                 0x08000158   Section        0  entry7b.o(.ARM.Collect$$$$00000008)
    .ARM.Collect$$$$0000000A                 0x08000158   Section        0  entry8b.o(.ARM.Collect$$$$0000000A)
    .ARM.Collect$$$$0000000B                 0x08000158   Section        8  entry9a.o(.ARM.Collect$$$$0000000B)
    .ARM.Collect$$$$0000000D                 0x08000160   Section        0  entry10a.o(.ARM.Collect$$$$0000000D)
    .ARM.Collect$$$$0000000F                 0x08000160   Section        0  entry11a.o(.ARM.Collect$$$$0000000F)
    .ARM.Collect$$$$00002712                 0x08000160   Section        4  entry2.o(.ARM.Collect$$$$00002712)
    __lit__00000000                          0x08000160   Data           4  entry2.o(.ARM.Collect$$$$00002712)
    .text                                    0x08000164   Section       28  startup_stm32f10x_cl.o(.text)
    .text                                    0x08000180   Section        0  memcpya.o(.text)
    .text                                    0x080001a4   Section        0  __0sscanf.o(.text)
    .text                                    0x080001dc   Section        0  _scanf_int.o(.text)
    .text                                    0x08000328   Section        0  _chval.o(.text)
    .text                                    0x08000344   Section        0  scanf_char.o(.text)
    _scanf_char_input                        0x08000345   Thumb Code    12  scanf_char.o(.text)
    .text                                    0x0800036c   Section        0  _sgetc.o(.text)
    .text                                    0x080003ac   Section       36  init.o(.text)
    .text                                    0x080003d0   Section        0  isspace_c.o(.text)
    .text                                    0x080003dc   Section        0  _scanf.o(.text)
    .text                                    0x08000708   Section        0  ctype_c.o(.text)
    i.AnimationPlayFrame                     0x08000730   Section        0  hmi_driver.o(i.AnimationPlayFrame)
    i.AnimationStart                         0x08000784   Section        0  hmi_driver.o(i.AnimationStart)
    i.BusFault_Handler                       0x080007d0   Section        0  stm32f10x_it.o(i.BusFault_Handler)
    i.DebugMon_Handler                       0x080007d2   Section        0  stm32f10x_it.o(i.DebugMon_Handler)
    i.FLASH_PrefetchBufferCmd                0x080007d4   Section        0  stm32f10x_flash.o(i.FLASH_PrefetchBufferCmd)
    i.FLASH_SetLatency                       0x080007ec   Section        0  stm32f10x_flash.o(i.FLASH_SetLatency)
    i.GPIO_Init                              0x08000800   Section        0  stm32f10x_gpio.o(i.GPIO_Init)
    i.GetControlValue                        0x080008a2   Section        0  hmi_driver.o(i.GetControlValue)
    i.GraphChannelDataAdd                    0x080008ee   Section        0  hmi_driver.o(i.GraphChannelDataAdd)
    i.HardFault_Handler                      0x0800095c   Section        0  stm32f10x_it.o(i.HardFault_Handler)
    i.HistoryGraph_SetValueInt8              0x0800095e   Section        0  hmi_driver.o(i.HistoryGraph_SetValueInt8)
    i.Interrupts_Config                      0x080009b8   Section        0  hw_config.o(i.Interrupts_Config)
    i.MemManage_Handler                      0x080009d6   Section        0  stm32f10x_it.o(i.MemManage_Handler)
    i.NMI_Handler                            0x080009d8   Section        0  stm32f10x_it.o(i.NMI_Handler)
    i.NOTIFYHandShake                        0x080009da   Section        0  main.o(i.NOTIFYHandShake)
    i.NVIC_Init                              0x080009e4   Section        0  misc.o(i.NVIC_Init)
    i.NVIC_PriorityGroupConfig               0x08000a48   Section        0  misc.o(i.NVIC_PriorityGroupConfig)
    i.NotifyButton                           0x08000a5c   Section        0  main.o(i.NotifyButton)
    i.NotifyProgress                         0x08000b34   Section        0  main.o(i.NotifyProgress)
    i.NotifyReadRTC                          0x08000b54   Section        0  main.o(i.NotifyReadRTC)
    i.NotifyScreen                           0x08000ca0   Section        0  main.o(i.NotifyScreen)
    i.NotifySelector                         0x08000dac   Section        0  main.o(i.NotifySelector)
    i.NotifySlider                           0x08000dc4   Section        0  main.o(i.NotifySlider)
    i.NotifyText                             0x08000e28   Section        0  main.o(i.NotifyText)
    i.NotifyTimer                            0x08000e84   Section        0  main.o(i.NotifyTimer)
    i.PendSV_Handler                         0x08000e94   Section        0  stm32f10x_it.o(i.PendSV_Handler)
    i.PlayMusic                              0x08000e96   Section        0  hmi_driver.o(i.PlayMusic)
    i.ProcessMessage                         0x08000ed0   Section        0  main.o(i.ProcessMessage)
    i.RCC_APB1PeriphResetCmd                 0x08000fa4   Section        0  stm32f10x_rcc.o(i.RCC_APB1PeriphResetCmd)
    i.RCC_APB2PeriphClockCmd                 0x08000fbc   Section        0  stm32f10x_rcc.o(i.RCC_APB2PeriphClockCmd)
    i.RCC_APB2PeriphResetCmd                 0x08000fd4   Section        0  stm32f10x_rcc.o(i.RCC_APB2PeriphResetCmd)
    i.RCC_DeInit                             0x08000fec   Section        0  stm32f10x_rcc.o(i.RCC_DeInit)
    i.RCC_GetClocksFreq                      0x0800102c   Section        0  stm32f10x_rcc.o(i.RCC_GetClocksFreq)
    i.RCC_GetFlagStatus                      0x080010bc   Section        0  stm32f10x_rcc.o(i.RCC_GetFlagStatus)
    i.RCC_GetSYSCLKSource                    0x080010ec   Section        0  stm32f10x_rcc.o(i.RCC_GetSYSCLKSource)
    i.RCC_HCLKConfig                         0x080010fc   Section        0  stm32f10x_rcc.o(i.RCC_HCLKConfig)
    i.RCC_HSICmd                             0x08001110   Section        0  stm32f10x_rcc.o(i.RCC_HSICmd)
    i.RCC_PCLK1Config                        0x0800111c   Section        0  stm32f10x_rcc.o(i.RCC_PCLK1Config)
    i.RCC_PCLK2Config                        0x08001130   Section        0  stm32f10x_rcc.o(i.RCC_PCLK2Config)
    i.RCC_PLLCmd                             0x08001144   Section        0  stm32f10x_rcc.o(i.RCC_PLLCmd)
    i.RCC_PLLConfig                          0x08001150   Section        0  stm32f10x_rcc.o(i.RCC_PLLConfig)
    i.RCC_SYSCLKConfig                       0x08001164   Section        0  stm32f10x_rcc.o(i.RCC_SYSCLKConfig)
    i.ReadRTC                                0x08001178   Section        0  hmi_driver.o(i.ReadRTC)
    i.Record_ResetEvent                      0x080011a2   Section        0  hmi_driver.o(i.Record_ResetEvent)
    i.Record_SetEvent                        0x08001216   Section        0  hmi_driver.o(i.Record_SetEvent)
    i.SVC_Handler                            0x0800128a   Section        0  stm32f10x_it.o(i.SVC_Handler)
    i.SendChar                               0x0800128c   Section        0  hmi_user_uart.o(i.SendChar)
    i.SendNU8                                0x080012b8   Section        0  hmi_driver.o(i.SendNU8)
    i.SendStrings                            0x080012d4   Section        0  hmi_driver.o(i.SendStrings)
    i.SetBackLight                           0x080012ea   Section        0  hmi_driver.o(i.SetBackLight)
    i.SetButtonValue                         0x0800131c   Section        0  hmi_driver.o(i.SetButtonValue)
    i.SetBuzzer                              0x08001370   Section        0  hmi_driver.o(i.SetBuzzer)
    i.SetControlBackColor                    0x080013a2   Section        0  hmi_driver.o(i.SetControlBackColor)
    i.SetMeterValue                          0x080013fc   Section        0  hmi_driver.o(i.SetMeterValue)
    i.SetProgressValue                       0x08001466   Section        0  hmi_driver.o(i.SetProgressValue)
    i.SetSelectorValue                       0x080014d0   Section        0  hmi_driver.o(i.SetSelectorValue)
    i.SetTextInt32                           0x08001524   Section        0  hmi_driver.o(i.SetTextInt32)
    i.SetTextValue                           0x080015ae   Section        0  hmi_driver.o(i.SetTextValue)
    i.Set_System                             0x08001604   Section        0  hw_config.o(i.Set_System)
    i.Set_picMeterValue                      0x08001666   Section        0  hmi_driver.o(i.Set_picMeterValue)
    i.SysTick_CLKSourceConfig                0x080016c0   Section        0  misc.o(i.SysTick_CLKSourceConfig)
    i.SysTick_Handler                        0x080016d8   Section        0  stm32f10x_it.o(i.SysTick_Handler)
    i.USART1_IRQHandler                      0x080016e8   Section        0  stm32f10x_it.o(i.USART1_IRQHandler)
    i.USART_Cmd                              0x08001710   Section        0  stm32f10x_usart.o(i.USART_Cmd)
    i.USART_DeInit                           0x08001724   Section        0  stm32f10x_usart.o(i.USART_DeInit)
    i.USART_GetFlagStatus                    0x08001798   Section        0  stm32f10x_usart.o(i.USART_GetFlagStatus)
    i.USART_GetITStatus                      0x080017a6   Section        0  stm32f10x_usart.o(i.USART_GetITStatus)
    i.USART_ITConfig                         0x080017e4   Section        0  stm32f10x_usart.o(i.USART_ITConfig)
    i.USART_Init                             0x08001814   Section        0  stm32f10x_usart.o(i.USART_Init)
    i.USART_ReceiveData                      0x080018a0   Section        0  stm32f10x_usart.o(i.USART_ReceiveData)
    i.USART_SendData                         0x080018a8   Section        0  stm32f10x_usart.o(i.USART_SendData)
    i.UartInit                               0x080018b0   Section        0  hmi_user_uart.o(i.UartInit)
    i.UpdateUI                               0x08001944   Section        0  main.o(i.UpdateUI)
    i.UsageFault_Handler                     0x08001bcc   Section        0  stm32f10x_it.o(i.UsageFault_Handler)
    i.__0sprintf$2                           0x08001bd0   Section        0  printf2.o(i.__0sprintf$2)
    i.__scatterload_copy                     0x08001bf8   Section       14  handlers.o(i.__scatterload_copy)
    i.__scatterload_null                     0x08001c06   Section        2  handlers.o(i.__scatterload_null)
    i.__scatterload_zeroinit                 0x08001c08   Section       14  handlers.o(i.__scatterload_zeroinit)
    i._printf_core                           0x08001c16   Section        0  printf2.o(i._printf_core)
    _printf_core                             0x08001c17   Thumb Code   214  printf2.o(i._printf_core)
    i._sputc                                 0x08001cec   Section        0  printf2.o(i._sputc)
    _sputc                                   0x08001ced   Thumb Code    10  printf2.o(i._sputc)
    i.delay_ms                               0x08001cf8   Section        0  ulitity.o(i.delay_ms)
    i.main                                   0x08001d14   Section        0  main.o(i.main)
    i.queue_find_cmd                         0x08001d9c   Section        0  cmd_queue.o(i.queue_find_cmd)
    i.queue_push                             0x08001e14   Section        0  cmd_queue.o(i.queue_push)
    i.queue_reset                            0x08001e34   Section        0  cmd_queue.o(i.queue_reset)
    i.systicket_init                         0x08001e4c   Section        0  ulitity.o(i.systicket_init)
    .constdata                               0x08001e78   Section      368  main.o(.constdata)
    .constdata                               0x08001fe8   Section       64  ctype_c.o(.constdata)
    .conststring                             0x08002028   Section      268  main.o(.conststring)
    .data                                    0x20000000   Section       40  main.o(.data)
    update_en                                0x20000000   Data           1  main.o(.data)
    Select_H                                 0x20000001   Data           1  main.o(.data)
    Select_M                                 0x20000002   Data           1  main.o(.data)
    Last_H                                   0x20000003   Data           1  main.o(.data)
    Last_M                                   0x20000004   Data           1  main.o(.data)
    current_screen_id                        0x20000006   Data           2  main.o(.data)
    test_value                               0x2000000c   Data           4  main.o(.data)
    meter_flag                               0x20000010   Data           4  main.o(.data)
    num                                      0x20000014   Data           4  main.o(.data)
    sec                                      0x20000018   Data           4  main.o(.data)
    curves_type                              0x2000001c   Data           4  main.o(.data)
    icon_flag                                0x20000020   Data           4  main.o(.data)
    Progress_Value                           0x20000024   Data           4  main.o(.data)
    .data                                    0x20000028   Section       20  stm32f10x_rcc.o(.data)
    ADCPrescTable                            0x20000028   Data           4  stm32f10x_rcc.o(.data)
    APBAHBPrescTable                         0x2000002c   Data          16  stm32f10x_rcc.o(.data)
    .data                                    0x2000003c   Section        8  cmd_queue.o(.data)
    cmd_pos                                  0x2000003c   Data           2  cmd_queue.o(.data)
    cmd_state                                0x20000040   Data           4  cmd_queue.o(.data)
    .bss                                     0x20000044   Section       64  main.o(.bss)
    .bss                                     0x20000084   Section      516  cmd_queue.o(.bss)
    que                                      0x20000084   Data         516  cmd_queue.o(.bss)
    STACK                                    0x20000288   Section     1024  startup_stm32f10x_cl.o(STACK)

    Global Symbols

    Symbol Name                              Value     Ov Type        Size  Object(Section)

    BuildAttributes$$THM_ISAv4$P$D$K$B$S$PE$A:L22UL41UL21$X:L11$S22US41US21$IEEE1$IW$USESV6$~STKCKD$USESV7$~SHL$OSPACE$ROPI$EBA8$MICROLIB$REQ8$PRES8$EABIv2 0x00000000   Number         0  anon$$obj.o ABSOLUTE
    __ARM_use_no_argv                        0x00000000   Number         0  main.o ABSOLUTE
    _printf_a                                0x00000000   Number         0  stubs.o ABSOLUTE
    _printf_c                                0x00000000   Number         0  stubs.o ABSOLUTE
    _printf_charcount                        0x00000000   Number         0  stubs.o ABSOLUTE
    _printf_d                                0x00000000   Number         0  stubs.o ABSOLUTE
    _printf_e                                0x00000000   Number         0  stubs.o ABSOLUTE
    _printf_f                                0x00000000   Number         0  stubs.o ABSOLUTE
    _printf_flags                            0x00000000   Number         0  stubs.o ABSOLUTE
    _printf_fp_dec                           0x00000000   Number         0  stubs.o ABSOLUTE
    _printf_fp_hex                           0x00000000   Number         0  stubs.o ABSOLUTE
    _printf_g                                0x00000000   Number         0  stubs.o ABSOLUTE
    _printf_i                                0x00000000   Number         0  stubs.o ABSOLUTE
    _printf_int_dec                          0x00000000   Number         0  stubs.o ABSOLUTE
    _printf_l                                0x00000000   Number         0  stubs.o ABSOLUTE
    _printf_lc                               0x00000000   Number         0  stubs.o ABSOLUTE
    _printf_ll                               0x00000000   Number         0  stubs.o ABSOLUTE
    _printf_lld                              0x00000000   Number         0  stubs.o ABSOLUTE
    _printf_lli                              0x00000000   Number         0  stubs.o ABSOLUTE
    _printf_llo                              0x00000000   Number         0  stubs.o ABSOLUTE
    _printf_llu                              0x00000000   Number         0  stubs.o ABSOLUTE
    _printf_llx                              0x00000000   Number         0  stubs.o ABSOLUTE
    _printf_longlong_dec                     0x00000000   Number         0  stubs.o ABSOLUTE
    _printf_longlong_hex                     0x00000000   Number         0  stubs.o ABSOLUTE
    _printf_longlong_oct                     0x00000000   Number         0  stubs.o ABSOLUTE
    _printf_ls                               0x00000000   Number         0  stubs.o ABSOLUTE
    _printf_mbtowc                           0x00000000   Number         0  stubs.o ABSOLUTE
    _printf_n                                0x00000000   Number         0  stubs.o ABSOLUTE
    _printf_o                                0x00000000   Number         0  stubs.o ABSOLUTE
    _printf_p                                0x00000000   Number         0  stubs.o ABSOLUTE
    _printf_percent                          0x00000000   Number         0  stubs.o ABSOLUTE
    _printf_pre_padding                      0x00000000   Number         0  stubs.o ABSOLUTE
    _printf_return_value                     0x00000000   Number         0  stubs.o ABSOLUTE
    _printf_s                                0x00000000   Number         0  stubs.o ABSOLUTE
    _printf_sizespec                         0x00000000   Number         0  stubs.o ABSOLUTE
    _printf_str                              0x00000000   Number         0  stubs.o ABSOLUTE
    _printf_truncate_signed                  0x00000000   Number         0  stubs.o ABSOLUTE
    _printf_truncate_unsigned                0x00000000   Number         0  stubs.o ABSOLUTE
    _printf_u                                0x00000000   Number         0  stubs.o ABSOLUTE
    _printf_wc                               0x00000000   Number         0  stubs.o ABSOLUTE
    _printf_wctomb                           0x00000000   Number         0  stubs.o ABSOLUTE
    _printf_widthprec                        0x00000000   Number         0  stubs.o ABSOLUTE
    _printf_x                                0x00000000   Number         0  stubs.o ABSOLUTE
    __cpp_initialize__aeabi_                  - Undefined Weak Reference
    __cxa_finalize                            - Undefined Weak Reference
    __decompress                              - Undefined Weak Reference
    _clock_init                               - Undefined Weak Reference
    _microlib_exit                            - Undefined Weak Reference
    _scanf_longlong                           - Undefined Weak Reference
    _scanf_real                               - Undefined Weak Reference
    _scanf_string                             - Undefined Weak Reference
    __Vectors_Size                           0x00000150   Number         0  startup_stm32f10x_cl.o ABSOLUTE
    __Vectors                                0x08000000   Data           4  startup_stm32f10x_cl.o(RESET)
    __Vectors_End                            0x08000150   Data           0  startup_stm32f10x_cl.o(RESET)
    __main                                   0x08000151   Thumb Code     0  entry.o(.ARM.Collect$$$$00000000)
    _main_stk                                0x08000151   Thumb Code     0  entry2.o(.ARM.Collect$$$$00000001)
    _main_scatterload                        0x08000155   Thumb Code     0  entry5.o(.ARM.Collect$$$$00000004)
    __main_after_scatterload                 0x08000159   Thumb Code     0  entry5.o(.ARM.Collect$$$$00000004)
    _main_clock                              0x08000159   Thumb Code     0  entry7b.o(.ARM.Collect$$$$00000008)
    _main_cpp_init                           0x08000159   Thumb Code     0  entry8b.o(.ARM.Collect$$$$0000000A)
    _main_init                               0x08000159   Thumb Code     0  entry9a.o(.ARM.Collect$$$$0000000B)
    __rt_final_cpp                           0x08000161   Thumb Code     0  entry10a.o(.ARM.Collect$$$$0000000D)
    __rt_final_exit                          0x08000161   Thumb Code     0  entry11a.o(.ARM.Collect$$$$0000000F)
    Reset_Handler                            0x08000165   Thumb Code     4  startup_stm32f10x_cl.o(.text)
    ADC1_2_IRQHandler                        0x0800017b   Thumb Code     0  startup_stm32f10x_cl.o(.text)
    CAN1_RX0_IRQHandler                      0x0800017b   Thumb Code     0  startup_stm32f10x_cl.o(.text)
    CAN1_RX1_IRQHandler                      0x0800017b   Thumb Code     0  startup_stm32f10x_cl.o(.text)
    CAN1_SCE_IRQHandler                      0x0800017b   Thumb Code     0  startup_stm32f10x_cl.o(.text)
    CAN1_TX_IRQHandler                       0x0800017b   Thumb Code     0  startup_stm32f10x_cl.o(.text)
    CAN2_RX0_IRQHandler                      0x0800017b   Thumb Code     0  startup_stm32f10x_cl.o(.text)
    CAN2_RX1_IRQHandler                      0x0800017b   Thumb Code     0  startup_stm32f10x_cl.o(.text)
    CAN2_SCE_IRQHandler                      0x0800017b   Thumb Code     0  startup_stm32f10x_cl.o(.text)
    CAN2_TX_IRQHandler                       0x0800017b   Thumb Code     0  startup_stm32f10x_cl.o(.text)
    DMA1_Channel1_IRQHandler                 0x0800017b   Thumb Code     0  startup_stm32f10x_cl.o(.text)
    DMA1_Channel2_IRQHandler                 0x0800017b   Thumb Code     0  startup_stm32f10x_cl.o(.text)
    DMA1_Channel3_IRQHandler                 0x0800017b   Thumb Code     0  startup_stm32f10x_cl.o(.text)
    DMA1_Channel4_IRQHandler                 0x0800017b   Thumb Code     0  startup_stm32f10x_cl.o(.text)
    DMA1_Channel5_IRQHandler                 0x0800017b   Thumb Code     0  startup_stm32f10x_cl.o(.text)
    DMA1_Channel6_IRQHandler                 0x0800017b   Thumb Code     0  startup_stm32f10x_cl.o(.text)
    DMA1_Channel7_IRQHandler                 0x0800017b   Thumb Code     0  startup_stm32f10x_cl.o(.text)
    DMA2_Channel1_IRQHandler                 0x0800017b   Thumb Code     0  startup_stm32f10x_cl.o(.text)
    DMA2_Channel2_IRQHandler                 0x0800017b   Thumb Code     0  startup_stm32f10x_cl.o(.text)
    DMA2_Channel3_IRQHandler                 0x0800017b   Thumb Code     0  startup_stm32f10x_cl.o(.text)
    DMA2_Channel4_IRQHandler                 0x0800017b   Thumb Code     0  startup_stm32f10x_cl.o(.text)
    DMA2_Channel5_IRQHandler                 0x0800017b   Thumb Code     0  startup_stm32f10x_cl.o(.text)
    ETH_IRQHandler                           0x0800017b   Thumb Code     0  startup_stm32f10x_cl.o(.text)
    ETH_WKUP_IRQHandler                      0x0800017b   Thumb Code     0  startup_stm32f10x_cl.o(.text)
    EXTI0_IRQHandler                         0x0800017b   Thumb Code     0  startup_stm32f10x_cl.o(.text)
    EXTI15_10_IRQHandler                     0x0800017b   Thumb Code     0  startup_stm32f10x_cl.o(.text)
    EXTI1_IRQHandler                         0x0800017b   Thumb Code     0  startup_stm32f10x_cl.o(.text)
    EXTI2_IRQHandler                         0x0800017b   Thumb Code     0  startup_stm32f10x_cl.o(.text)
    EXTI3_IRQHandler                         0x0800017b   Thumb Code     0  startup_stm32f10x_cl.o(.text)
    EXTI4_IRQHandler                         0x0800017b   Thumb Code     0  startup_stm32f10x_cl.o(.text)
    EXTI9_5_IRQHandler                       0x0800017b   Thumb Code     0  startup_stm32f10x_cl.o(.text)
    FLASH_IRQHandler                         0x0800017b   Thumb Code     0  startup_stm32f10x_cl.o(.text)
    I2C1_ER_IRQHandler                       0x0800017b   Thumb Code     0  startup_stm32f10x_cl.o(.text)
    I2C1_EV_IRQHandler                       0x0800017b   Thumb Code     0  startup_stm32f10x_cl.o(.text)
    I2C2_ER_IRQHandler                       0x0800017b   Thumb Code     0  startup_stm32f10x_cl.o(.text)
    I2C2_EV_IRQHandler                       0x0800017b   Thumb Code     0  startup_stm32f10x_cl.o(.text)
    OTG_FS_IRQHandler                        0x0800017b   Thumb Code     0  startup_stm32f10x_cl.o(.text)
    OTG_FS_WKUP_IRQHandler                   0x0800017b   Thumb Code     0  startup_stm32f10x_cl.o(.text)
    PVD_IRQHandler                           0x0800017b   Thumb Code     0  startup_stm32f10x_cl.o(.text)
    RCC_IRQHandler                           0x0800017b   Thumb Code     0  startup_stm32f10x_cl.o(.text)
    RTCAlarm_IRQHandler                      0x0800017b   Thumb Code     0  startup_stm32f10x_cl.o(.text)
    RTC_IRQHandler                           0x0800017b   Thumb Code     0  startup_stm32f10x_cl.o(.text)
    SPI1_IRQHandler                          0x0800017b   Thumb Code     0  startup_stm32f10x_cl.o(.text)
    SPI2_IRQHandler                          0x0800017b   Thumb Code     0  startup_stm32f10x_cl.o(.text)
    SPI3_IRQHandler                          0x0800017b   Thumb Code     0  startup_stm32f10x_cl.o(.text)
    TAMPER_IRQHandler                        0x0800017b   Thumb Code     0  startup_stm32f10x_cl.o(.text)
    TIM1_BRK_IRQHandler                      0x0800017b   Thumb Code     0  startup_stm32f10x_cl.o(.text)
    TIM1_CC_IRQHandler                       0x0800017b   Thumb Code     0  startup_stm32f10x_cl.o(.text)
    TIM1_TRG_COM_IRQHandler                  0x0800017b   Thumb Code     0  startup_stm32f10x_cl.o(.text)
    TIM1_UP_IRQHandler                       0x0800017b   Thumb Code     0  startup_stm32f10x_cl.o(.text)
    TIM2_IRQHandler                          0x0800017b   Thumb Code     0  startup_stm32f10x_cl.o(.text)
    TIM3_IRQHandler                          0x0800017b   Thumb Code     0  startup_stm32f10x_cl.o(.text)
    TIM4_IRQHandler                          0x0800017b   Thumb Code     0  startup_stm32f10x_cl.o(.text)
    TIM5_IRQHandler                          0x0800017b   Thumb Code     0  startup_stm32f10x_cl.o(.text)
    TIM6_IRQHandler                          0x0800017b   Thumb Code     0  startup_stm32f10x_cl.o(.text)
    TIM7_IRQHandler                          0x0800017b   Thumb Code     0  startup_stm32f10x_cl.o(.text)
    UART4_IRQHandler                         0x0800017b   Thumb Code     0  startup_stm32f10x_cl.o(.text)
    UART5_IRQHandler                         0x0800017b   Thumb Code     0  startup_stm32f10x_cl.o(.text)
    USART2_IRQHandler                        0x0800017b   Thumb Code     0  startup_stm32f10x_cl.o(.text)
    USART3_IRQHandler                        0x0800017b   Thumb Code     0  startup_stm32f10x_cl.o(.text)
    WWDG_IRQHandler                          0x0800017b   Thumb Code     0  startup_stm32f10x_cl.o(.text)
    __aeabi_memcpy                           0x08000181   Thumb Code    36  memcpya.o(.text)
    __aeabi_memcpy4                          0x08000181   Thumb Code     0  memcpya.o(.text)
    __aeabi_memcpy8                          0x08000181   Thumb Code     0  memcpya.o(.text)
    __0sscanf                                0x080001a5   Thumb Code    48  __0sscanf.o(.text)
    _scanf_int                               0x080001dd   Thumb Code   332  _scanf_int.o(.text)
    _chval                                   0x08000329   Thumb Code    28  _chval.o(.text)
    __vfscanf_char                           0x08000351   Thumb Code    20  scanf_char.o(.text)
    _sgetc                                   0x0800036d   Thumb Code    30  _sgetc.o(.text)
    _sbackspace                              0x0800038b   Thumb Code    34  _sgetc.o(.text)
    __scatterload                            0x080003ad   Thumb Code    28  init.o(.text)
    __scatterload_rt2                        0x080003ad   Thumb Code     0  init.o(.text)
    isspace                                  0x080003d1   Thumb Code    10  isspace_c.o(.text)
    __vfscanf                                0x080003dd   Thumb Code   808  _scanf.o(.text)
    __ctype_lookup                           0x08000709   Thumb Code    34  ctype_c.o(.text)
    AnimationPlayFrame                       0x08000731   Thumb Code    84  hmi_driver.o(i.AnimationPlayFrame)
    AnimationStart                           0x08000785   Thumb Code    76  hmi_driver.o(i.AnimationStart)
    BusFault_Handler                         0x080007d1   Thumb Code     2  stm32f10x_it.o(i.BusFault_Handler)
    DebugMon_Handler                         0x080007d3   Thumb Code     2  stm32f10x_it.o(i.DebugMon_Handler)
    FLASH_PrefetchBufferCmd                  0x080007d5   Thumb Code    18  stm32f10x_flash.o(i.FLASH_PrefetchBufferCmd)
    FLASH_SetLatency                         0x080007ed   Thumb Code    14  stm32f10x_flash.o(i.FLASH_SetLatency)
    GPIO_Init                                0x08000801   Thumb Code   162  stm32f10x_gpio.o(i.GPIO_Init)
    GetControlValue                          0x080008a3   Thumb Code    76  hmi_driver.o(i.GetControlValue)
    GraphChannelDataAdd                      0x080008ef   Thumb Code   110  hmi_driver.o(i.GraphChannelDataAdd)
    HardFault_Handler                        0x0800095d   Thumb Code     2  stm32f10x_it.o(i.HardFault_Handler)
    HistoryGraph_SetValueInt8                0x0800095f   Thumb Code    90  hmi_driver.o(i.HistoryGraph_SetValueInt8)
    Interrupts_Config                        0x080009b9   Thumb Code    30  hw_config.o(i.Interrupts_Config)
    MemManage_Handler                        0x080009d7   Thumb Code     2  stm32f10x_it.o(i.MemManage_Handler)
    NMI_Handler                              0x080009d9   Thumb Code     2  stm32f10x_it.o(i.NMI_Handler)
    NOTIFYHandShake                          0x080009db   Thumb Code    10  main.o(i.NOTIFYHandShake)
    NVIC_Init                                0x080009e5   Thumb Code    94  misc.o(i.NVIC_Init)
    NVIC_PriorityGroupConfig                 0x08000a49   Thumb Code    10  misc.o(i.NVIC_PriorityGroupConfig)
    NotifyButton                             0x08000a5d   Thumb Code   210  main.o(i.NotifyButton)
    NotifyProgress                           0x08000b35   Thumb Code    26  main.o(i.NotifyProgress)
    NotifyReadRTC                            0x08000b55   Thumb Code   272  main.o(i.NotifyReadRTC)
    NotifyScreen                             0x08000ca1   Thumb Code   244  main.o(i.NotifyScreen)
    NotifySelector                           0x08000dad   Thumb Code    20  main.o(i.NotifySelector)
    NotifySlider                             0x08000dc5   Thumb Code    96  main.o(i.NotifySlider)
    NotifyText                               0x08000e29   Thumb Code    86  main.o(i.NotifyText)
    NotifyTimer                              0x08000e85   Thumb Code    16  main.o(i.NotifyTimer)
    PendSV_Handler                           0x08000e95   Thumb Code     2  stm32f10x_it.o(i.PendSV_Handler)
    PlayMusic                                0x08000e97   Thumb Code    56  hmi_driver.o(i.PlayMusic)
    ProcessMessage                           0x08000ed1   Thumb Code   208  main.o(i.ProcessMessage)
    RCC_APB1PeriphResetCmd                   0x08000fa5   Thumb Code    18  stm32f10x_rcc.o(i.RCC_APB1PeriphResetCmd)
    RCC_APB2PeriphClockCmd                   0x08000fbd   Thumb Code    18  stm32f10x_rcc.o(i.RCC_APB2PeriphClockCmd)
    RCC_APB2PeriphResetCmd                   0x08000fd5   Thumb Code    18  stm32f10x_rcc.o(i.RCC_APB2PeriphResetCmd)
    RCC_DeInit                               0x08000fed   Thumb Code    50  stm32f10x_rcc.o(i.RCC_DeInit)
    RCC_GetClocksFreq                        0x0800102d   Thumb Code   128  stm32f10x_rcc.o(i.RCC_GetClocksFreq)
    RCC_GetFlagStatus                        0x080010bd   Thumb Code    44  stm32f10x_rcc.o(i.RCC_GetFlagStatus)
    RCC_GetSYSCLKSource                      0x080010ed   Thumb Code    10  stm32f10x_rcc.o(i.RCC_GetSYSCLKSource)
    RCC_HCLKConfig                           0x080010fd   Thumb Code    14  stm32f10x_rcc.o(i.RCC_HCLKConfig)
    RCC_HSICmd                               0x08001111   Thumb Code     6  stm32f10x_rcc.o(i.RCC_HSICmd)
    RCC_PCLK1Config                          0x0800111d   Thumb Code    14  stm32f10x_rcc.o(i.RCC_PCLK1Config)
    RCC_PCLK2Config                          0x08001131   Thumb Code    16  stm32f10x_rcc.o(i.RCC_PCLK2Config)
    RCC_PLLCmd                               0x08001145   Thumb Code     6  stm32f10x_rcc.o(i.RCC_PLLCmd)
    RCC_PLLConfig                            0x08001151   Thumb Code    16  stm32f10x_rcc.o(i.RCC_PLLConfig)
    RCC_SYSCLKConfig                         0x08001165   Thumb Code    14  stm32f10x_rcc.o(i.RCC_SYSCLKConfig)
    ReadRTC                                  0x08001179   Thumb Code    42  hmi_driver.o(i.ReadRTC)
    Record_ResetEvent                        0x080011a3   Thumb Code   116  hmi_driver.o(i.Record_ResetEvent)
    Record_SetEvent                          0x08001217   Thumb Code   116  hmi_driver.o(i.Record_SetEvent)
    SVC_Handler                              0x0800128b   Thumb Code     2  stm32f10x_it.o(i.SVC_Handler)
    SendChar                                 0x0800128d   Thumb Code    38  hmi_user_uart.o(i.SendChar)
    SendNU8                                  0x080012b9   Thumb Code    26  hmi_driver.o(i.SendNU8)
    SendStrings                              0x080012d5   Thumb Code    22  hmi_driver.o(i.SendStrings)
    SetBackLight                             0x080012eb   Thumb Code    50  hmi_driver.o(i.SetBackLight)
    SetButtonValue                           0x0800131d   Thumb Code    84  hmi_driver.o(i.SetButtonValue)
    SetBuzzer                                0x08001371   Thumb Code    50  hmi_driver.o(i.SetBuzzer)
    SetControlBackColor                      0x080013a3   Thumb Code    90  hmi_driver.o(i.SetControlBackColor)
    SetMeterValue                            0x080013fd   Thumb Code   106  hmi_driver.o(i.SetMeterValue)
    SetProgressValue                         0x08001467   Thumb Code   106  hmi_driver.o(i.SetProgressValue)
    SetSelectorValue                         0x080014d1   Thumb Code    84  hmi_driver.o(i.SetSelectorValue)
    SetTextInt32                             0x08001525   Thumb Code   138  hmi_driver.o(i.SetTextInt32)
    SetTextValue                             0x080015af   Thumb Code    84  hmi_driver.o(i.SetTextValue)
    Set_System                               0x08001605   Thumb Code    98  hw_config.o(i.Set_System)
    Set_picMeterValue                        0x08001667   Thumb Code    90  hmi_driver.o(i.Set_picMeterValue)
    SysTick_CLKSourceConfig                  0x080016c1   Thumb Code    24  misc.o(i.SysTick_CLKSourceConfig)
    SysTick_Handler                          0x080016d9   Thumb Code    10  stm32f10x_it.o(i.SysTick_Handler)
    USART1_IRQHandler                        0x080016e9   Thumb Code    36  stm32f10x_it.o(i.USART1_IRQHandler)
    USART_Cmd                                0x08001711   Thumb Code    20  stm32f10x_usart.o(i.USART_Cmd)
    USART_DeInit                             0x08001725   Thumb Code    96  stm32f10x_usart.o(i.USART_DeInit)
    USART_GetFlagStatus                      0x08001799   Thumb Code    14  stm32f10x_usart.o(i.USART_GetFlagStatus)
    USART_GetITStatus                        0x080017a7   Thumb Code    62  stm32f10x_usart.o(i.USART_GetITStatus)
    USART_ITConfig                           0x080017e5   Thumb Code    48  stm32f10x_usart.o(i.USART_ITConfig)
    USART_Init                               0x08001815   Thumb Code   134  stm32f10x_usart.o(i.USART_Init)
    USART_ReceiveData                        0x080018a1   Thumb Code     8  stm32f10x_usart.o(i.USART_ReceiveData)
    USART_SendData                           0x080018a9   Thumb Code     8  stm32f10x_usart.o(i.USART_SendData)
    UartInit                                 0x080018b1   Thumb Code   138  hmi_user_uart.o(i.UartInit)
    UpdateUI                                 0x08001945   Thumb Code   628  main.o(i.UpdateUI)
    UsageFault_Handler                       0x08001bcd   Thumb Code     2  stm32f10x_it.o(i.UsageFault_Handler)
    __0sprintf$2                             0x08001bd1   Thumb Code    34  printf2.o(i.__0sprintf$2)
    __1sprintf$2                             0x08001bd1   Thumb Code     0  printf2.o(i.__0sprintf$2)
    __2sprintf                               0x08001bd1   Thumb Code     0  printf2.o(i.__0sprintf$2)
    __scatterload_copy                       0x08001bf9   Thumb Code    14  handlers.o(i.__scatterload_copy)
    __scatterload_null                       0x08001c07   Thumb Code     2  handlers.o(i.__scatterload_null)
    __scatterload_zeroinit                   0x08001c09   Thumb Code    14  handlers.o(i.__scatterload_zeroinit)
    delay_ms                                 0x08001cf9   Thumb Code    22  ulitity.o(i.delay_ms)
    main                                     0x08001d15   Thumb Code   118  main.o(i.main)
    queue_find_cmd                           0x08001d9d   Thumb Code   112  cmd_queue.o(i.queue_find_cmd)
    queue_push                               0x08001e15   Thumb Code    26  cmd_queue.o(i.queue_push)
    queue_reset                              0x08001e35   Thumb Code    16  cmd_queue.o(i.queue_reset)
    systicket_init                           0x08001e4d   Thumb Code    36  ulitity.o(i.systicket_init)
    __ctype_categories                       0x08001fe8   Data          64  ctype_c.o(.constdata)
    Region$$Table$$Base                      0x08002134   Number         0  anon$$obj.o(Region$$Table)
    Region$$Table$$Limit                     0x08002154   Number         0  anon$$obj.o(Region$$Table)
    timer_tick_count                         0x20000008   Data           4  main.o(.data)
    cmd_buffer                               0x20000044   Data          64  main.o(.bss)
    __initial_sp                             0x20000688   Data           0  startup_stm32f10x_cl.o(STACK)



==============================================================================

Memory Map of the image

  Image Entry point : 0x08000151

  Load Region LR_IROM1 (Base: 0x08000000, Size: 0x00002198, Max: 0x00040000, ABSOLUTE)

    Execution Region ER_IROM1 (Base: 0x08000000, Size: 0x00002154, Max: 0x00040000, ABSOLUTE)

    Base Addr    Size         Type   Attr      Idx    E Section Name        Object

    0x08000000   0x00000150   Data   RO         1003    RESET               startup_stm32f10x_cl.o
    0x08000150   0x00000000   Code   RO         1802  * .ARM.Collect$$$$00000000  mc_w.l(entry.o)
    0x08000150   0x00000004   Code   RO         2074    .ARM.Collect$$$$00000001  mc_w.l(entry2.o)
    0x08000154   0x00000004   Code   RO         2077    .ARM.Collect$$$$00000004  mc_w.l(entry5.o)
    0x08000158   0x00000000   Code   RO         2079    .ARM.Collect$$$$00000008  mc_w.l(entry7b.o)
    0x08000158   0x00000000   Code   RO         2081    .ARM.Collect$$$$0000000A  mc_w.l(entry8b.o)
    0x08000158   0x00000008   Code   RO         2082    .ARM.Collect$$$$0000000B  mc_w.l(entry9a.o)
    0x08000160   0x00000000   Code   RO         2084    .ARM.Collect$$$$0000000D  mc_w.l(entry10a.o)
    0x08000160   0x00000000   Code   RO         2086    .ARM.Collect$$$$0000000F  mc_w.l(entry11a.o)
    0x08000160   0x00000004   Code   RO         2075    .ARM.Collect$$$$00002712  mc_w.l(entry2.o)
    0x08000164   0x0000001c   Code   RO         1004    .text               startup_stm32f10x_cl.o
    0x08000180   0x00000024   Code   RO         1805    .text               mc_w.l(memcpya.o)
    0x080001a4   0x00000038   Code   RO         2070    .text               mc_w.l(__0sscanf.o)
    0x080001dc   0x0000014c   Code   RO         2072    .text               mc_w.l(_scanf_int.o)
    0x08000328   0x0000001c   Code   RO         2095    .text               mc_w.l(_chval.o)
    0x08000344   0x00000028   Code   RO         2097    .text               mc_w.l(scanf_char.o)
    0x0800036c   0x00000040   Code   RO         2099    .text               mc_w.l(_sgetc.o)
    0x080003ac   0x00000024   Code   RO         2112    .text               mc_w.l(init.o)
    0x080003d0   0x0000000a   Code   RO         2121    .text               mc_w.l(isspace_c.o)
    0x080003da   0x00000002   PAD
    0x080003dc   0x0000032c   Code   RO         2123    .text               mc_w.l(_scanf.o)
    0x08000708   0x00000028   Code   RO         2128    .text               mc_w.l(ctype_c.o)
    0x08000730   0x00000054   Code   RO         1092    i.AnimationPlayFrame  hmi_driver.o
    0x08000784   0x0000004c   Code   RO         1095    i.AnimationStart    hmi_driver.o
    0x080007d0   0x00000002   Code   RO           65    i.BusFault_Handler  stm32f10x_it.o
    0x080007d2   0x00000002   Code   RO           66    i.DebugMon_Handler  stm32f10x_it.o
    0x080007d4   0x00000018   Code   RO          817    i.FLASH_PrefetchBufferCmd  stm32f10x_flash.o
    0x080007ec   0x00000014   Code   RO          822    i.FLASH_SetLatency  stm32f10x_flash.o
    0x08000800   0x000000a2   Code   RO          495    i.GPIO_Init         stm32f10x_gpio.o
    0x080008a2   0x0000004c   Code   RO         1141    i.GetControlValue   hmi_driver.o
    0x080008ee   0x0000006e   Code   RO         1145    i.GraphChannelDataAdd  hmi_driver.o
    0x0800095c   0x00000002   Code   RO           67    i.HardFault_Handler  stm32f10x_it.o
    0x0800095e   0x0000005a   Code   RO         1156    i.HistoryGraph_SetValueInt8  hmi_driver.o
    0x080009b8   0x0000001e   Code   RO            1    i.Interrupts_Config  hw_config.o
    0x080009d6   0x00000002   Code   RO           68    i.MemManage_Handler  stm32f10x_it.o
    0x080009d8   0x00000002   Code   RO           69    i.NMI_Handler       stm32f10x_it.o
    0x080009da   0x0000000a   Code   RO          141    i.NOTIFYHandShake   main.o
    0x080009e4   0x00000064   Code   RO          453    i.NVIC_Init         misc.o
    0x08000a48   0x00000014   Code   RO          454    i.NVIC_PriorityGroupConfig  misc.o
    0x08000a5c   0x000000d8   Code   RO          142    i.NotifyButton      main.o
    0x08000b34   0x00000020   Code   RO          145    i.NotifyProgress    main.o
    0x08000b54   0x0000014c   Code   RO          147    i.NotifyReadRTC     main.o
    0x08000ca0   0x0000010c   Code   RO          148    i.NotifyScreen      main.o
    0x08000dac   0x00000018   Code   RO          149    i.NotifySelector    main.o
    0x08000dc4   0x00000064   Code   RO          150    i.NotifySlider      main.o
    0x08000e28   0x0000005c   Code   RO          151    i.NotifyText        main.o
    0x08000e84   0x00000010   Code   RO          152    i.NotifyTimer       main.o
    0x08000e94   0x00000002   Code   RO           70    i.PendSV_Handler    stm32f10x_it.o
    0x08000e96   0x00000038   Code   RO         1160    i.PlayMusic         hmi_driver.o
    0x08000ece   0x00000002   PAD
    0x08000ed0   0x000000d4   Code   RO          155    i.ProcessMessage    main.o
    0x08000fa4   0x00000018   Code   RO          606    i.RCC_APB1PeriphResetCmd  stm32f10x_rcc.o
    0x08000fbc   0x00000018   Code   RO          607    i.RCC_APB2PeriphClockCmd  stm32f10x_rcc.o
    0x08000fd4   0x00000018   Code   RO          608    i.RCC_APB2PeriphResetCmd  stm32f10x_rcc.o
    0x08000fec   0x00000040   Code   RO          614    i.RCC_DeInit        stm32f10x_rcc.o
    0x0800102c   0x00000090   Code   RO          615    i.RCC_GetClocksFreq  stm32f10x_rcc.o
    0x080010bc   0x00000030   Code   RO          616    i.RCC_GetFlagStatus  stm32f10x_rcc.o
    0x080010ec   0x00000010   Code   RO          618    i.RCC_GetSYSCLKSource  stm32f10x_rcc.o
    0x080010fc   0x00000014   Code   RO          619    i.RCC_HCLKConfig    stm32f10x_rcc.o
    0x08001110   0x0000000c   Code   RO          621    i.RCC_HSICmd        stm32f10x_rcc.o
    0x0800111c   0x00000014   Code   RO          626    i.RCC_PCLK1Config   stm32f10x_rcc.o
    0x08001130   0x00000014   Code   RO          627    i.RCC_PCLK2Config   stm32f10x_rcc.o
    0x08001144   0x0000000c   Code   RO          628    i.RCC_PLLCmd        stm32f10x_rcc.o
    0x08001150   0x00000014   Code   RO          629    i.RCC_PLLConfig     stm32f10x_rcc.o
    0x08001164   0x00000014   Code   RO          632    i.RCC_SYSCLKConfig  stm32f10x_rcc.o
    0x08001178   0x0000002a   Code   RO         1161    i.ReadRTC           hmi_driver.o
    0x080011a2   0x00000074   Code   RO         1166    i.Record_ResetEvent  hmi_driver.o
    0x08001216   0x00000074   Code   RO         1167    i.Record_SetEvent   hmi_driver.o
    0x0800128a   0x00000002   Code   RO           71    i.SVC_Handler       stm32f10x_it.o
    0x0800128c   0x0000002c   Code   RO         1046    i.SendChar          hmi_user_uart.o
    0x080012b8   0x0000001a   Code   RO         1171    i.SendNU8           hmi_driver.o
    0x080012d2   0x00000002   PAD
    0x080012d4   0x00000016   Code   RO         1172    i.SendStrings       hmi_driver.o
    0x080012ea   0x00000032   Code   RO         1173    i.SetBackLight      hmi_driver.o
    0x0800131c   0x00000054   Code   RO         1175    i.SetButtonValue    hmi_driver.o
    0x08001370   0x00000032   Code   RO         1176    i.SetBuzzer         hmi_driver.o
    0x080013a2   0x0000005a   Code   RO         1178    i.SetControlBackColor  hmi_driver.o
    0x080013fc   0x0000006a   Code   RO         1188    i.SetMeterValue     hmi_driver.o
    0x08001466   0x0000006a   Code   RO         1190    i.SetProgressValue  hmi_driver.o
    0x080014d0   0x00000054   Code   RO         1193    i.SetSelectorValue  hmi_driver.o
    0x08001524   0x0000008a   Code   RO         1196    i.SetTextInt32      hmi_driver.o
    0x080015ae   0x00000054   Code   RO         1198    i.SetTextValue      hmi_driver.o
    0x08001602   0x00000002   PAD
    0x08001604   0x00000062   Code   RO            2    i.Set_System        hw_config.o
    0x08001666   0x0000005a   Code   RO         1200    i.Set_picMeterValue  hmi_driver.o
    0x080016c0   0x00000018   Code   RO          457    i.SysTick_CLKSourceConfig  misc.o
    0x080016d8   0x00000010   Code   RO           72    i.SysTick_Handler   stm32f10x_it.o
    0x080016e8   0x00000028   Code   RO           73    i.USART1_IRQHandler  stm32f10x_it.o
    0x08001710   0x00000014   Code   RO          289    i.USART_Cmd         stm32f10x_usart.o
    0x08001724   0x00000074   Code   RO          291    i.USART_DeInit      stm32f10x_usart.o
    0x08001798   0x0000000e   Code   RO          292    i.USART_GetFlagStatus  stm32f10x_usart.o
    0x080017a6   0x0000003e   Code   RO          293    i.USART_GetITStatus  stm32f10x_usart.o
    0x080017e4   0x00000030   Code   RO          295    i.USART_ITConfig    stm32f10x_usart.o
    0x08001814   0x0000008c   Code   RO          296    i.USART_Init        stm32f10x_usart.o
    0x080018a0   0x00000008   Code   RO          301    i.USART_ReceiveData  stm32f10x_usart.o
    0x080018a8   0x00000008   Code   RO          304    i.USART_SendData    stm32f10x_usart.o
    0x080018b0   0x00000094   Code   RO         1047    i.UartInit          hmi_user_uart.o
    0x08001944   0x00000288   Code   RO          156    i.UpdateUI          main.o
    0x08001bcc   0x00000002   Code   RO           74    i.UsageFault_Handler  stm32f10x_it.o
    0x08001bce   0x00000002   PAD
    0x08001bd0   0x00000028   Code   RO         1878    i.__0sprintf$2      mc_w.l(printf2.o)
    0x08001bf8   0x0000000e   Code   RO         2133    i.__scatterload_copy  mc_w.l(handlers.o)
    0x08001c06   0x00000002   Code   RO         2134    i.__scatterload_null  mc_w.l(handlers.o)
    0x08001c08   0x0000000e   Code   RO         2135    i.__scatterload_zeroinit  mc_w.l(handlers.o)
    0x08001c16   0x000000d6   Code   RO         1883    i._printf_core      mc_w.l(printf2.o)
    0x08001cec   0x0000000a   Code   RO         1885    i._sputc            mc_w.l(printf2.o)
    0x08001cf6   0x00000002   PAD
    0x08001cf8   0x0000001c   Code   RO          263    i.delay_ms          ulitity.o
    0x08001d14   0x00000088   Code   RO          157    i.main              main.o
    0x08001d9c   0x00000078   Code   RO         1064    i.queue_find_cmd    cmd_queue.o
    0x08001e14   0x00000020   Code   RO         1065    i.queue_push        cmd_queue.o
    0x08001e34   0x00000018   Code   RO         1066    i.queue_reset       cmd_queue.o
    0x08001e4c   0x0000002c   Code   RO          264    i.systicket_init    ulitity.o
    0x08001e78   0x00000170   Data   RO          159    .constdata          main.o
    0x08001fe8   0x00000040   Data   RO         2129    .constdata          mc_w.l(ctype_c.o)
    0x08002028   0x0000010c   Data   RO          160    .conststring        main.o
    0x08002134   0x00000020   Data   RO         2131    Region$$Table       anon$$obj.o


    Execution Region RW_IRAM1 (Base: 0x20000000, Size: 0x00000688, Max: 0x0000c000, ABSOLUTE)

    Base Addr    Size         Type   Attr      Idx    E Section Name        Object

    0x20000000   0x00000028   Data   RW          161    .data               main.o
    0x20000028   0x00000014   Data   RW          635    .data               stm32f10x_rcc.o
    0x2000003c   0x00000008   Data   RW         1068    .data               cmd_queue.o
    0x20000044   0x00000040   Zero   RW          158    .bss                main.o
    0x20000084   0x00000204   Zero   RW         1067    .bss                cmd_queue.o
    0x20000288   0x00000400   Zero   RW         1001    STACK               startup_stm32f10x_cl.o


==============================================================================

Image component sizes


      Code (inc. data)   RO Data    RW Data    ZI Data      Debug   Object Name

       176         22          0          8        516       3080   cmd_queue.o
      1696          0          0          0          0      15868   hmi_driver.o
       192         16          0          0          0       1406   hmi_user_uart.o
       128          0          0          0          0     230233   hw_config.o
      2086        164        636         40         64      18105   main.o
       144         16          0          0          0       2769   misc.o
        28          4        336          0       1024       1000   startup_stm32f10x_cl.o
        44         12          0          0          0       1417   stm32f10x_flash.o
       162          0          0          0          0       2192   stm32f10x_gpio.o
        72         10          0          0          0       6266   stm32f10x_it.o
       468         96          0         20          0      13096   stm32f10x_rcc.o
       416         26          0          0          0       7940   stm32f10x_usart.o
        72         14          0          0          0       6236   ulitity.o

    ----------------------------------------------------------------------
      5692        380       1004         68       1604     309608   Object Totals
         0          0         32          0          0          0   (incl. Generated)
         8          0          0          0          0          0   (incl. Padding)

    ----------------------------------------------------------------------

      Code (inc. data)   RO Data    RW Data    ZI Data      Debug   Library Member Name

        56          8          0          0          0         84   __0sscanf.o
        28          0          0          0          0         68   _chval.o
       812          4          0          0          0        112   _scanf.o
       332          0          0          0          0         96   _scanf_int.o
        64          0          0          0          0         84   _sgetc.o
        40          6         64          0          0         68   ctype_c.o
         0          0          0          0          0          0   entry.o
         0          0          0          0          0          0   entry10a.o
         0          0          0          0          0          0   entry11a.o
         8          4          0          0          0          0   entry2.o
         4          0          0          0          0          0   entry5.o
         0          0          0          0          0          0   entry7b.o
         0          0          0          0          0          0   entry8b.o
         8          4          0          0          0          0   entry9a.o
        30          0          0          0          0          0   handlers.o
        36          8          0          0          0         68   init.o
        10          0          0          0          0         68   isspace_c.o
        36          0          0          0          0         68   memcpya.o
       264          6          0          0          0        244   printf2.o
        40          8          0          0          0         84   scanf_char.o

    ----------------------------------------------------------------------
      1772         48         64          0          0       1044   Library Totals
         4          0          0          0          0          0   (incl. Padding)

    ----------------------------------------------------------------------

      Code (inc. data)   RO Data    RW Data    ZI Data      Debug   Library Name

      1768         48         64          0          0       1044   mc_w.l

    ----------------------------------------------------------------------
      1772         48         64          0          0       1044   Library Totals

    ----------------------------------------------------------------------

==============================================================================


      Code (inc. data)   RO Data    RW Data    ZI Data      Debug   

      7464        428       1068         68       1604     306332   Grand Totals
      7464        428       1068         68       1604     306332   ELF Image Totals
      7464        428       1068         68          0          0   ROM Totals

==============================================================================

    Total RO  Size (Code + RO Data)                 8532 (   8.33kB)
    Total RW  Size (RW Data + ZI Data)              1672 (   1.63kB)
    Total ROM Size (Code + RO Data + RW Data)       8600 (   8.40kB)

==============================================================================

